<!DOCTYPE html>
<html devsite="">
  <head>
    <meta name="project_path" value="/nodejs/docs/reference/_project.yaml">
    <meta name="book_path" value="/nodejs/docs/reference/scheduler/latest/_book.yaml">
  </head>
  <body>
    {% verbatim %}
    <style>
      body[layout=docs][concierge] .devsite-main-content {
        grid-template-columns: 1fr minmax(365px, 100%) 1fr;
      }
      body[layout=docs][concierge] .devsite-main-content[has-book-nav], body[layout=docs][concierge] .devsite-main-content[has-book-nav][has-sidebar] {
        grid-template-columns: minmax(269px, 1fr) minmax(365px, 100%) 1fr;
      }
      body[layout=docs][concierge] devsite-content {
        max-width: 100%;
      }
      .gc-c {
        grid-template-columns: repeat(2, 1fr);
        column-gap: min(3rem, 5vw);
        row-gap: 2.5vw;
        display: grid;
        align-items: start;
      }

      .gc-a {
        display: flex;
        min-width: 0;
        flex-direction: column;
      }

      .gc-s {
        position: sticky;
        top: calc(var(--devsite-js-header-height, 0) + 16px);
        display: flex;
        flex-direction: column;
      }

      .gc-b {
        display: flex;
        flex-direction: column;
        align-items: initial;
        justify-content: initial;
        overflow: hidden;
      }
    </style>
    <div>
      <article data-uid="@google-cloud/scheduler!google.cloud.scheduler.v1.IRetryConfig:interface">
<h1 class="page-title">Interface google.cloud.scheduler.v1.IRetryConfig (2.1.1)</h1>
  
  
  <div class="markdown level0 summary"><p>Properties of a RetryConfig.</p>
</div>
  <h2>Package</h2>
  <span class="xref">@google-cloud/scheduler!</span>
  <h2 id="properties">Properties
  </h2>
  <h3 id="_google_cloud_scheduler_google_cloud_scheduler_v1_IRetryConfig_maxBackoffDuration_member" data-uid="@google-cloud/scheduler!google.cloud.scheduler.v1.IRetryConfig#maxBackoffDuration:member" class="notranslate">maxBackoffDuration</h3>
  <div class="codewrapper">
    <pre class="prettyprint"><code>maxBackoffDuration?: (google.protobuf.IDuration|null);</code></pre>
  </div>
  <div class="markdown level1 summary"><p>RetryConfig maxBackoffDuration</p>
</div>
  <table class="responsive">
    <tbody>
      <tr>
        <th colspan="2"><strong>Property Value</strong></th>
      </tr>
      <tr>
        <td><strong>Type</strong></td>
        <td><strong>Description</strong></td>
      </tr>
      <tr>
        <td><code>(<span class="xref">google.protobuf.IDuration</span>|null)</code></td>
        <td></td>
      </tr>
    </tbody>
  </table>
  <h3 id="_google_cloud_scheduler_google_cloud_scheduler_v1_IRetryConfig_maxDoublings_member" data-uid="@google-cloud/scheduler!google.cloud.scheduler.v1.IRetryConfig#maxDoublings:member" class="notranslate">maxDoublings</h3>
  <div class="codewrapper">
    <pre class="prettyprint"><code>maxDoublings?: (number|null);</code></pre>
  </div>
  <div class="markdown level1 summary"><p>RetryConfig maxDoublings</p>
</div>
  <table class="responsive">
    <tbody>
      <tr>
        <th colspan="2"><strong>Property Value</strong></th>
      </tr>
      <tr>
        <td><strong>Type</strong></td>
        <td><strong>Description</strong></td>
      </tr>
      <tr>
        <td><code><span class="xref">(number|null)</span></code></td>
        <td></td>
      </tr>
    </tbody>
  </table>
  <h3 id="_google_cloud_scheduler_google_cloud_scheduler_v1_IRetryConfig_maxRetryDuration_member" data-uid="@google-cloud/scheduler!google.cloud.scheduler.v1.IRetryConfig#maxRetryDuration:member" class="notranslate">maxRetryDuration</h3>
  <div class="codewrapper">
    <pre class="prettyprint"><code>maxRetryDuration?: (google.protobuf.IDuration|null);</code></pre>
  </div>
  <div class="markdown level1 summary"><p>RetryConfig maxRetryDuration</p>
</div>
  <table class="responsive">
    <tbody>
      <tr>
        <th colspan="2"><strong>Property Value</strong></th>
      </tr>
      <tr>
        <td><strong>Type</strong></td>
        <td><strong>Description</strong></td>
      </tr>
      <tr>
        <td><code>(<span class="xref">google.protobuf.IDuration</span>|null)</code></td>
        <td></td>
      </tr>
    </tbody>
  </table>
  <h3 id="_google_cloud_scheduler_google_cloud_scheduler_v1_IRetryConfig_minBackoffDuration_member" data-uid="@google-cloud/scheduler!google.cloud.scheduler.v1.IRetryConfig#minBackoffDuration:member" class="notranslate">minBackoffDuration</h3>
  <div class="codewrapper">
    <pre class="prettyprint"><code>minBackoffDuration?: (google.protobuf.IDuration|null);</code></pre>
  </div>
  <div class="markdown level1 summary"><p>RetryConfig minBackoffDuration</p>
</div>
  <table class="responsive">
    <tbody>
      <tr>
        <th colspan="2"><strong>Property Value</strong></th>
      </tr>
      <tr>
        <td><strong>Type</strong></td>
        <td><strong>Description</strong></td>
      </tr>
      <tr>
        <td><code>(<span class="xref">google.protobuf.IDuration</span>|null)</code></td>
        <td></td>
      </tr>
    </tbody>
  </table>
  <h3 id="_google_cloud_scheduler_google_cloud_scheduler_v1_IRetryConfig_retryCount_member" data-uid="@google-cloud/scheduler!google.cloud.scheduler.v1.IRetryConfig#retryCount:member" class="notranslate">retryCount</h3>
  <div class="codewrapper">
    <pre class="prettyprint"><code>retryCount?: (number|null);</code></pre>
  </div>
  <div class="markdown level1 summary"><p>RetryConfig retryCount</p>
</div>
  <table class="responsive">
    <tbody>
      <tr>
        <th colspan="2"><strong>Property Value</strong></th>
      </tr>
      <tr>
        <td><strong>Type</strong></td>
        <td><strong>Description</strong></td>
      </tr>
      <tr>
        <td><code><span class="xref">(number|null)</span></code></td>
        <td></td>
      </tr>
    </tbody>
  </table>
</article>
    </div>
    {% endverbatim %}
  </body>
</html>
