<!DOCTYPE html>
<html devsite="">
  <head>
    <meta name="project_path" value="/ruby/docs/reference/_project.yaml">
    <meta name="book_path" value="/ruby/docs/reference/Google-Cloud-Vision-V1/latest/_book.yaml">
  </head>
  <body>
    {% verbatim %}
    <style>
      body[layout=docs][concierge] .devsite-main-content {
        grid-template-columns: 1fr minmax(365px, 100%) 1fr;
      }
      body[layout=docs][concierge] .devsite-main-content[has-book-nav], body[layout=docs][concierge] .devsite-main-content[has-book-nav][has-sidebar] {
        grid-template-columns: minmax(269px, 1fr) minmax(365px, 100%) 1fr;
      }
      body[layout=docs][concierge] devsite-content {
        max-width: 100%;
      }
      .gc-c {
        grid-template-columns: repeat(2, 1fr);
        column-gap: min(3rem, 5vw);
        row-gap: 2.5vw;
        display: grid;
        align-items: start;
      }

      .gc-a {
        display: flex;
        min-width: 0;
        flex-direction: column;
      }

      .gc-s {
        position: sticky;
        top: calc(var(--devsite-js-header-height, 0) + 16px);
        display: flex;
        flex-direction: column;
      }

      .gc-b {
        display: flex;
        flex-direction: column;
        align-items: initial;
        justify-content: initial;
        overflow: hidden;
      }
    </style>
    <div>
      <article data-uid="Google::Cloud::Vision::V1::OperationMetadata::State">
<h1 class="page-title">Cloud Vision V1 API - Module Google::Cloud::Vision::V1::OperationMetadata::State (v1.16.0)</h1>
  
  
  <div class="markdown level0 summary"><p>Reference documentation and code samples for the Cloud Vision V1 API module Google::Cloud::Vision::V1::OperationMetadata::State.</p><p>Batch operation states.</p>
</div>
  <h2 id="consts">Constants
  </h2>
  <h3 id="Google__Cloud__Vision__V1__OperationMetadata__State__STATE_UNSPECIFIED" data-uid="Google::Cloud::Vision::V1::OperationMetadata::State::STATE_UNSPECIFIED" class="notranslate">STATE_UNSPECIFIED</h3>
  <div class="markdown level1 summary"><p><b>value: </b>0<br>Invalid.</p>
</div>
  <h3 id="Google__Cloud__Vision__V1__OperationMetadata__State__CREATED" data-uid="Google::Cloud::Vision::V1::OperationMetadata::State::CREATED" class="notranslate">CREATED</h3>
  <div class="markdown level1 summary"><p><b>value: </b>1<br>Request is received.</p>
</div>
  <h3 id="Google__Cloud__Vision__V1__OperationMetadata__State__RUNNING" data-uid="Google::Cloud::Vision::V1::OperationMetadata::State::RUNNING" class="notranslate">RUNNING</h3>
  <div class="markdown level1 summary"><p><b>value: </b>2<br>Request is actively being processed.</p>
</div>
  <h3 id="Google__Cloud__Vision__V1__OperationMetadata__State__DONE" data-uid="Google::Cloud::Vision::V1::OperationMetadata::State::DONE" class="notranslate">DONE</h3>
  <div class="markdown level1 summary"><p><b>value: </b>3<br>The batch processing is done.</p>
</div>
  <h3 id="Google__Cloud__Vision__V1__OperationMetadata__State__CANCELLED" data-uid="Google::Cloud::Vision::V1::OperationMetadata::State::CANCELLED" class="notranslate">CANCELLED</h3>
  <div class="markdown level1 summary"><p><b>value: </b>4<br>The batch processing was cancelled.</p>
</div>
</article>
    </div>
    {% endverbatim %}
  </body>
</html>
