<!DOCTYPE html>
<html devsite="">
  <head>
    <meta name="project_path" value="/ruby/docs/reference/_project.yaml">
    <meta name="book_path" value="/ruby/docs/reference/Google-Cloud-Vision-V1/latest/_book.yaml">
  </head>
  <body>
    {% verbatim %}
    <style>
      body[layout=docs][concierge] .devsite-main-content {
        grid-template-columns: 1fr minmax(365px, 100%) 1fr;
      }
      body[layout=docs][concierge] .devsite-main-content[has-book-nav], body[layout=docs][concierge] .devsite-main-content[has-book-nav][has-sidebar] {
        grid-template-columns: minmax(269px, 1fr) minmax(365px, 100%) 1fr;
      }
      body[layout=docs][concierge] devsite-content {
        max-width: 100%;
      }
      .gc-c {
        grid-template-columns: repeat(2, 1fr);
        column-gap: min(3rem, 5vw);
        row-gap: 2.5vw;
        display: grid;
        align-items: start;
      }

      .gc-a {
        display: flex;
        min-width: 0;
        flex-direction: column;
      }

      .gc-s {
        position: sticky;
        top: calc(var(--devsite-js-header-height, 0) + 16px);
        display: flex;
        flex-direction: column;
      }

      .gc-b {
        display: flex;
        flex-direction: column;
        align-items: initial;
        justify-content: initial;
        overflow: hidden;
      }
    </style>
    <div>
      <article data-uid="Google::Api::ResourceDescriptor::History">
<h1 class="page-title">Cloud Vision V1 API - Module Google::Api::ResourceDescriptor::History (v1.16.0)</h1>
  
  
  <div class="markdown level0 summary"><p>Reference documentation and code samples for the Cloud Vision V1 API module Google::Api::ResourceDescriptor::History.</p><p>A description of the historical or future-looking state of the
resource pattern.</p>
</div>
  <h2 id="consts">Constants
  </h2>
  <h3 id="Google__Api__ResourceDescriptor__History__HISTORY_UNSPECIFIED" data-uid="Google::Api::ResourceDescriptor::History::HISTORY_UNSPECIFIED" class="notranslate">HISTORY_UNSPECIFIED</h3>
  <div class="markdown level1 summary"><p><b>value: </b>0<br>The &quot;unset&quot; value.</p>
</div>
  <h3 id="Google__Api__ResourceDescriptor__History__ORIGINALLY_SINGLE_PATTERN" data-uid="Google::Api::ResourceDescriptor::History::ORIGINALLY_SINGLE_PATTERN" class="notranslate">ORIGINALLY_SINGLE_PATTERN</h3>
  <div class="markdown level1 summary"><p><b>value: </b>1<br>The resource originally had one pattern and launched as such, and
additional patterns were added later.</p>
</div>
  <h3 id="Google__Api__ResourceDescriptor__History__FUTURE_MULTI_PATTERN" data-uid="Google::Api::ResourceDescriptor::History::FUTURE_MULTI_PATTERN" class="notranslate">FUTURE_MULTI_PATTERN</h3>
  <div class="markdown level1 summary"><p><b>value: </b>2<br>The resource has one pattern, but the API owner expects to add more
later. (This is the inverse of ORIGINALLY_SINGLE_PATTERN, and prevents
that from being necessary once there are multiple patterns.)</p>
</div>
</article>
    </div>
    {% endverbatim %}
  </body>
</html>
