<!DOCTYPE html>
<html devsite="">
  <head>
    <meta name="project_path" value="/ruby/docs/reference/_project.yaml">
    <meta name="book_path" value="/ruby/docs/reference/Google-Cloud-Vision-V1/latest/_book.yaml">
  </head>
  <body>
    {% verbatim %}
    <div>
      <article data-uid="Google">
<h1 class="page-title">Cloud Vision V1 API - Module Google (v1.16.0)</h1>
  
  
  <div class="markdown level0 summary"><p>Reference documentation and code samples for the Cloud Vision V1 API module Google.</p></div>
</article>
    </div>
    {% endverbatim %}
  </body>
</html>
