<!DOCTYPE html>
<html devsite="">
  <head>
    <meta name="project_path" value="/ruby/docs/reference/_project.yaml">
    <meta name="book_path" value="/ruby/docs/reference/Google-Cloud-Vision-V1/latest/_book.yaml">
  </head>
  <body>
    {% verbatim %}
    <style>
      body[layout=docs][concierge] .devsite-main-content {
        grid-template-columns: 1fr minmax(365px, 100%) 1fr;
      }
      body[layout=docs][concierge] .devsite-main-content[has-book-nav], body[layout=docs][concierge] .devsite-main-content[has-book-nav][has-sidebar] {
        grid-template-columns: minmax(269px, 1fr) minmax(365px, 100%) 1fr;
      }
      body[layout=docs][concierge] devsite-content {
        max-width: 100%;
      }
      .gc-c {
        grid-template-columns: repeat(2, 1fr);
        column-gap: min(3rem, 5vw);
        row-gap: 2.5vw;
        display: grid;
        align-items: start;
      }

      .gc-a {
        display: flex;
        min-width: 0;
        flex-direction: column;
      }

      .gc-s {
        position: sticky;
        top: calc(var(--devsite-js-header-height, 0) + 16px);
        display: flex;
        flex-direction: column;
      }

      .gc-b {
        display: flex;
        flex-direction: column;
        align-items: initial;
        justify-content: initial;
        overflow: hidden;
      }
    </style>
    <div>
      <article data-uid="Google::Cloud::Vision::V1::ColorInfo">
<h1 class="page-title">Cloud Vision V1 API - Class Google::Cloud::Vision::V1::ColorInfo (v1.16.0)</h1>
  
  
  <div class="markdown level0 summary"><p>Reference documentation and code samples for the Cloud Vision V1 API class Google::Cloud::Vision::V1::ColorInfo.</p><p>Color information consists of RGB channels, score, and the fraction of
the image that the color occupies in the image.</p>
</div>
  <div class="inheritance">
    <h2>Inherits</h2>
    <ul>
      <li>
        Object
      </li>
    </ul>
  </div>
  <div class="inheritance">
    <h2>Extended By</h2>
    <ul>
      <li>
        Google::Protobuf::MessageExts::ClassMethods
      </li>
    </ul>
  </div>
  <div class="inheritance">
    <h2>Includes</h2>
    <ul>
      <li>
        Google::Protobuf::MessageExts
      </li>
    </ul>
  </div>
  <h2 id="methods">Methods
  </h2>
  <h3 id="Google__Cloud__Vision__V1__ColorInfo_color_instance_" data-uid="Google::Cloud::Vision::V1::ColorInfo#color(instance)" class="notranslate">#color</h3>
  <div class="codewrapper">
    <pre class="prettyprint"><code>def color() -&gt; ::Google::Type::Color</code></pre>
  </div>
  <div class="level1 summary">
    <strong>Returns</strong>
    <ul>
      <li>
        (<a href="./Google-Type-Color">::Google::Type::Color</a>) — RGB components of the color.
      </li>
    </ul>
  </div>
  <h3 id="Google__Cloud__Vision__V1__ColorInfo_color__instance_" data-uid="Google::Cloud::Vision::V1::ColorInfo#color=(instance)" class="notranslate">#color=</h3>
  <div class="codewrapper">
    <pre class="prettyprint"><code>def color=(value) -&gt; ::Google::Type::Color</code></pre>
  </div>
  <div class="level1 summary">
    <strong>Parameter</strong>
    <ul>
      <li>
        <strong>value</strong> (<a href="./Google-Type-Color">::Google::Type::Color</a>) — RGB components of the color.
      </li>
    </ul>
  </div>
  <div class="level1 summary">
    <strong>Returns</strong>
    <ul>
      <li>
        (<a href="./Google-Type-Color">::Google::Type::Color</a>) — RGB components of the color.
      </li>
    </ul>
  </div>
  <h3 id="Google__Cloud__Vision__V1__ColorInfo_pixel_fraction_instance_" data-uid="Google::Cloud::Vision::V1::ColorInfo#pixel_fraction(instance)" class="notranslate">#pixel_fraction</h3>
  <div class="codewrapper">
    <pre class="prettyprint"><code>def pixel_fraction() -&gt; ::Float</code></pre>
  </div>
  <div class="level1 summary">
    <strong>Returns</strong>
    <ul>
      <li>
        (::Float) — The fraction of pixels the color occupies in the image.
Value in range [0, 1].
      </li>
    </ul>
  </div>
  <h3 id="Google__Cloud__Vision__V1__ColorInfo_pixel_fraction__instance_" data-uid="Google::Cloud::Vision::V1::ColorInfo#pixel_fraction=(instance)" class="notranslate">#pixel_fraction=</h3>
  <div class="codewrapper">
    <pre class="prettyprint"><code>def pixel_fraction=(value) -&gt; ::Float</code></pre>
  </div>
  <div class="level1 summary">
    <strong>Parameter</strong>
    <ul>
      <li>
        <strong>value</strong> (::Float) — The fraction of pixels the color occupies in the image.
Value in range [0, 1].
      </li>
    </ul>
  </div>
  <div class="level1 summary">
    <strong>Returns</strong>
    <ul>
      <li>
        (::Float) — The fraction of pixels the color occupies in the image.
Value in range [0, 1].
      </li>
    </ul>
  </div>
  <h3 id="Google__Cloud__Vision__V1__ColorInfo_score_instance_" data-uid="Google::Cloud::Vision::V1::ColorInfo#score(instance)" class="notranslate">#score</h3>
  <div class="codewrapper">
    <pre class="prettyprint"><code>def score() -&gt; ::Float</code></pre>
  </div>
  <div class="level1 summary">
    <strong>Returns</strong>
    <ul>
      <li>
        (::Float) — Image-specific score for this color. Value in range [0, 1].
      </li>
    </ul>
  </div>
  <h3 id="Google__Cloud__Vision__V1__ColorInfo_score__instance_" data-uid="Google::Cloud::Vision::V1::ColorInfo#score=(instance)" class="notranslate">#score=</h3>
  <div class="codewrapper">
    <pre class="prettyprint"><code>def score=(value) -&gt; ::Float</code></pre>
  </div>
  <div class="level1 summary">
    <strong>Parameter</strong>
    <ul>
      <li>
        <strong>value</strong> (::Float) — Image-specific score for this color. Value in range [0, 1].
      </li>
    </ul>
  </div>
  <div class="level1 summary">
    <strong>Returns</strong>
    <ul>
      <li>
        (::Float) — Image-specific score for this color. Value in range [0, 1].
      </li>
    </ul>
  </div>
</article>
    </div>
    {% endverbatim %}
  </body>
</html>
