<!DOCTYPE html>
<html devsite="">
  <head>
    <meta name="project_path" value="/ruby/docs/reference/_project.yaml">
    <meta name="book_path" value="/ruby/docs/reference/Google-Cloud-Vision-V1/latest/_book.yaml">
  </head>
  <body>
    {% verbatim %}
    <style>
      body[layout=docs][concierge] .devsite-main-content {
        grid-template-columns: 1fr minmax(365px, 100%) 1fr;
      }
      body[layout=docs][concierge] .devsite-main-content[has-book-nav], body[layout=docs][concierge] .devsite-main-content[has-book-nav][has-sidebar] {
        grid-template-columns: minmax(269px, 1fr) minmax(365px, 100%) 1fr;
      }
      body[layout=docs][concierge] devsite-content {
        max-width: 100%;
      }
      .gc-c {
        grid-template-columns: repeat(2, 1fr);
        column-gap: min(3rem, 5vw);
        row-gap: 2.5vw;
        display: grid;
        align-items: start;
      }

      .gc-a {
        display: flex;
        min-width: 0;
        flex-direction: column;
      }

      .gc-s {
        position: sticky;
        top: calc(var(--devsite-js-header-height, 0) + 16px);
        display: flex;
        flex-direction: column;
      }

      .gc-b {
        display: flex;
        flex-direction: column;
        align-items: initial;
        justify-content: initial;
        overflow: hidden;
      }
    </style>
    <div>
      <article data-uid="Google::Cloud::Vision::V1::AsyncBatchAnnotateFilesRequest">
<h1 class="page-title">Cloud Vision V1 API - Class Google::Cloud::Vision::V1::AsyncBatchAnnotateFilesRequest (v1.16.0)</h1>
  
  
  <div class="markdown level0 summary"><p>Reference documentation and code samples for the Cloud Vision V1 API class Google::Cloud::Vision::V1::AsyncBatchAnnotateFilesRequest.</p><p>Multiple async file annotation requests are batched into a single service
call.</p>
</div>
  <div class="inheritance">
    <h2>Inherits</h2>
    <ul>
      <li>
        Object
      </li>
    </ul>
  </div>
  <div class="inheritance">
    <h2>Extended By</h2>
    <ul>
      <li>
        Google::Protobuf::MessageExts::ClassMethods
      </li>
    </ul>
  </div>
  <div class="inheritance">
    <h2>Includes</h2>
    <ul>
      <li>
        Google::Protobuf::MessageExts
      </li>
    </ul>
  </div>
  <h2 id="methods">Methods
  </h2>
  <h3 id="Google__Cloud__Vision__V1__AsyncBatchAnnotateFilesRequest_parent_instance_" data-uid="Google::Cloud::Vision::V1::AsyncBatchAnnotateFilesRequest#parent(instance)" class="notranslate">#parent</h3>
  <div class="codewrapper">
    <pre class="prettyprint"><code>def parent() -&gt; ::String</code></pre>
  </div>
  <div class="level1 summary">
    <strong>Returns</strong>
    <ul>
      <li>
        (::String) — Optional. Target project and location to make a call.<p>

<p>Format: <code>projects/{project-id}/locations/{location-id}</code>.</p>

<p>If no parent is specified, a region will be chosen automatically.</p>

<p>Supported location-ids:
    <code>us</code>: USA country only,
    <code>asia</code>: East asia areas, like Japan, Taiwan,
    <code>eu</code>: The European Union.</p>

<p>Example: <code>projects/project-A/locations/eu</code>.
      </li>
    </ul>
  </div>
  <h3 id="Google__Cloud__Vision__V1__AsyncBatchAnnotateFilesRequest_parent__instance_" data-uid="Google::Cloud::Vision::V1::AsyncBatchAnnotateFilesRequest#parent=(instance)" class="notranslate">#parent=</h3>
  <div class="codewrapper">
    <pre class="prettyprint"><code>def parent=(value) -&gt; ::String</code></pre>
  </div>
  <div class="level1 summary">
    <strong>Parameter</strong>
    <ul>
      <li>
        <strong>value</strong> (::String) — Optional. Target project and location to make a call.<p>

<p>Format: <code>projects/{project-id}/locations/{location-id}</code>.</p>

<p>If no parent is specified, a region will be chosen automatically.</p>

<p>Supported location-ids:
    <code>us</code>: USA country only,
    <code>asia</code>: East asia areas, like Japan, Taiwan,
    <code>eu</code>: The European Union.</p>

<p>Example: <code>projects/project-A/locations/eu</code>.
      </li>
    </ul>
  </div>
  <div class="level1 summary">
    <strong>Returns</strong>
    <ul>
      <li>
        (::String) — Optional. Target project and location to make a call.<p>

<p>Format: <code>projects/{project-id}/locations/{location-id}</code>.</p>

<p>If no parent is specified, a region will be chosen automatically.</p>

<p>Supported location-ids:
    <code>us</code>: USA country only,
    <code>asia</code>: East asia areas, like Japan, Taiwan,
    <code>eu</code>: The European Union.</p>

<p>Example: <code>projects/project-A/locations/eu</code>.
      </li>
    </ul>
  </div>
  <h3 id="Google__Cloud__Vision__V1__AsyncBatchAnnotateFilesRequest_requests_instance_" data-uid="Google::Cloud::Vision::V1::AsyncBatchAnnotateFilesRequest#requests(instance)" class="notranslate">#requests</h3>
  <div class="codewrapper">
    <pre class="prettyprint"><code>def requests() -&gt; ::Array&lt;::Google::Cloud::Vision::V1::AsyncAnnotateFileRequest&gt;</code></pre>
  </div>
  <div class="level1 summary">
    <strong>Returns</strong>
    <ul>
      <li>
        (::Array&lt;<a href="./Google-Cloud-Vision-V1-AsyncAnnotateFileRequest">::Google::Cloud::Vision::V1::AsyncAnnotateFileRequest</a>&gt;) — Required. Individual async file annotation requests for this batch.
      </li>
    </ul>
  </div>
  <h3 id="Google__Cloud__Vision__V1__AsyncBatchAnnotateFilesRequest_requests__instance_" data-uid="Google::Cloud::Vision::V1::AsyncBatchAnnotateFilesRequest#requests=(instance)" class="notranslate">#requests=</h3>
  <div class="codewrapper">
    <pre class="prettyprint"><code>def requests=(value) -&gt; ::Array&lt;::Google::Cloud::Vision::V1::AsyncAnnotateFileRequest&gt;</code></pre>
  </div>
  <div class="level1 summary">
    <strong>Parameter</strong>
    <ul>
      <li>
        <strong>value</strong> (::Array&lt;<a href="./Google-Cloud-Vision-V1-AsyncAnnotateFileRequest">::Google::Cloud::Vision::V1::AsyncAnnotateFileRequest</a>&gt;) — Required. Individual async file annotation requests for this batch.
      </li>
    </ul>
  </div>
  <div class="level1 summary">
    <strong>Returns</strong>
    <ul>
      <li>
        (::Array&lt;<a href="./Google-Cloud-Vision-V1-AsyncAnnotateFileRequest">::Google::Cloud::Vision::V1::AsyncAnnotateFileRequest</a>&gt;) — Required. Individual async file annotation requests for this batch.
      </li>
    </ul>
  </div>
</article>
    </div>
    {% endverbatim %}
  </body>
</html>
