<!DOCTYPE html>
<html devsite="">
  <head>
    <meta name="project_path" value="/ruby/docs/reference/_project.yaml">
    <meta name="book_path" value="/ruby/docs/reference/Google-Cloud-Vision-V1/latest/_book.yaml">
  </head>
  <body>
    {% verbatim %}
    <style>
      body[layout=docs][concierge] .devsite-main-content {
        grid-template-columns: 1fr minmax(365px, 100%) 1fr;
      }
      body[layout=docs][concierge] .devsite-main-content[has-book-nav], body[layout=docs][concierge] .devsite-main-content[has-book-nav][has-sidebar] {
        grid-template-columns: minmax(269px, 1fr) minmax(365px, 100%) 1fr;
      }
      body[layout=docs][concierge] devsite-content {
        max-width: 100%;
      }
      .gc-c {
        grid-template-columns: repeat(2, 1fr);
        column-gap: min(3rem, 5vw);
        row-gap: 2.5vw;
        display: grid;
        align-items: start;
      }

      .gc-a {
        display: flex;
        min-width: 0;
        flex-direction: column;
      }

      .gc-s {
        position: sticky;
        top: calc(var(--devsite-js-header-height, 0) + 16px);
        display: flex;
        flex-direction: column;
      }

      .gc-b {
        display: flex;
        flex-direction: column;
        align-items: initial;
        justify-content: initial;
        overflow: hidden;
      }
    </style>
    <div>
      <article data-uid="Google::Api::ResourceDescriptor::Style">
<h1 class="page-title">Cloud Vision V1 API - Module Google::Api::ResourceDescriptor::Style (v1.16.0)</h1>
  
  
  <div class="markdown level0 summary"><p>Reference documentation and code samples for the Cloud Vision V1 API module Google::Api::ResourceDescriptor::Style.</p><p>A flag representing a specific style that a resource claims to conform to.</p>
</div>
  <h2 id="consts">Constants
  </h2>
  <h3 id="Google__Api__ResourceDescriptor__Style__STYLE_UNSPECIFIED" data-uid="Google::Api::ResourceDescriptor::Style::STYLE_UNSPECIFIED" class="notranslate">STYLE_UNSPECIFIED</h3>
  <div class="markdown level1 summary"><p><b>value: </b>0<br>The unspecified value. Do not use.</p>
</div>
  <h3 id="Google__Api__ResourceDescriptor__Style__DECLARATIVE_FRIENDLY" data-uid="Google::Api::ResourceDescriptor::Style::DECLARATIVE_FRIENDLY" class="notranslate">DECLARATIVE_FRIENDLY</h3>
  <div class="markdown level1 summary"><p><b>value: </b>1<br>This resource is intended to be &quot;declarative-friendly&quot;.</p><p>
<p>Declarative-friendly resources must be more strictly consistent, and
setting this to true communicates to tools that this resource should
adhere to declarative-friendly expectations.</p>

<p><p>Note: This is used by the API linter (linter.aip.dev) to enable
additional checks.</p>
</div>
</article>
    </div>
    {% endverbatim %}
  </body>
</html>
