<!DOCTYPE html>
<html devsite="">
  <head>
    <meta name="project_path" value="/ruby/docs/reference/_project.yaml">
    <meta name="book_path" value="/ruby/docs/reference/Google-Cloud-Vision-V1/latest/_book.yaml">
  </head>
  <body>
    {% verbatim %}
    <style>
      body[layout=docs][concierge] .devsite-main-content {
        grid-template-columns: 1fr minmax(365px, 100%) 1fr;
      }
      body[layout=docs][concierge] .devsite-main-content[has-book-nav], body[layout=docs][concierge] .devsite-main-content[has-book-nav][has-sidebar] {
        grid-template-columns: minmax(269px, 1fr) minmax(365px, 100%) 1fr;
      }
      body[layout=docs][concierge] devsite-content {
        max-width: 100%;
      }
      .gc-c {
        grid-template-columns: repeat(2, 1fr);
        column-gap: min(3rem, 5vw);
        row-gap: 2.5vw;
        display: grid;
        align-items: start;
      }

      .gc-a {
        display: flex;
        min-width: 0;
        flex-direction: column;
      }

      .gc-s {
        position: sticky;
        top: calc(var(--devsite-js-header-height, 0) + 16px);
        display: flex;
        flex-direction: column;
      }

      .gc-b {
        display: flex;
        flex-direction: column;
        align-items: initial;
        justify-content: initial;
        overflow: hidden;
      }
    </style>
    <div>
      <article data-uid="Google::Cloud::Vision::V1::OperationMetadata">
<h1 class="page-title">Cloud Vision V1 API - Class Google::Cloud::Vision::V1::OperationMetadata (v1.16.0)</h1>
  
  
  <div class="markdown level0 summary"><p>Reference documentation and code samples for the Cloud Vision V1 API class Google::Cloud::Vision::V1::OperationMetadata.</p><p>Contains metadata for the BatchAnnotateImages operation.</p>
</div>
  <div class="inheritance">
    <h2>Inherits</h2>
    <ul>
      <li>
        Object
      </li>
    </ul>
  </div>
  <div class="inheritance">
    <h2>Extended By</h2>
    <ul>
      <li>
        Google::Protobuf::MessageExts::ClassMethods
      </li>
    </ul>
  </div>
  <div class="inheritance">
    <h2>Includes</h2>
    <ul>
      <li>
        Google::Protobuf::MessageExts
      </li>
    </ul>
  </div>
  <h2 id="methods">Methods
  </h2>
  <h3 id="Google__Cloud__Vision__V1__OperationMetadata_create_time_instance_" data-uid="Google::Cloud::Vision::V1::OperationMetadata#create_time(instance)" class="notranslate">#create_time</h3>
  <div class="codewrapper">
    <pre class="prettyprint"><code>def create_time() -&gt; ::Google::Protobuf::Timestamp</code></pre>
  </div>
  <div class="level1 summary">
    <strong>Returns</strong>
    <ul>
      <li>
        (<a href="./Google-Protobuf-Timestamp">::Google::Protobuf::Timestamp</a>) — The time when the batch request was received.
      </li>
    </ul>
  </div>
  <h3 id="Google__Cloud__Vision__V1__OperationMetadata_create_time__instance_" data-uid="Google::Cloud::Vision::V1::OperationMetadata#create_time=(instance)" class="notranslate">#create_time=</h3>
  <div class="codewrapper">
    <pre class="prettyprint"><code>def create_time=(value) -&gt; ::Google::Protobuf::Timestamp</code></pre>
  </div>
  <div class="level1 summary">
    <strong>Parameter</strong>
    <ul>
      <li>
        <strong>value</strong> (<a href="./Google-Protobuf-Timestamp">::Google::Protobuf::Timestamp</a>) — The time when the batch request was received.
      </li>
    </ul>
  </div>
  <div class="level1 summary">
    <strong>Returns</strong>
    <ul>
      <li>
        (<a href="./Google-Protobuf-Timestamp">::Google::Protobuf::Timestamp</a>) — The time when the batch request was received.
      </li>
    </ul>
  </div>
  <h3 id="Google__Cloud__Vision__V1__OperationMetadata_state_instance_" data-uid="Google::Cloud::Vision::V1::OperationMetadata#state(instance)" class="notranslate">#state</h3>
  <div class="codewrapper">
    <pre class="prettyprint"><code>def state() -&gt; ::Google::Cloud::Vision::V1::OperationMetadata::State</code></pre>
  </div>
  <div class="level1 summary">
    <strong>Returns</strong>
    <ul>
      <li>
        (<a href="./Google-Cloud-Vision-V1-OperationMetadata-State">::Google::Cloud::Vision::V1::OperationMetadata::State</a>) — Current state of the batch operation.
      </li>
    </ul>
  </div>
  <h3 id="Google__Cloud__Vision__V1__OperationMetadata_state__instance_" data-uid="Google::Cloud::Vision::V1::OperationMetadata#state=(instance)" class="notranslate">#state=</h3>
  <div class="codewrapper">
    <pre class="prettyprint"><code>def state=(value) -&gt; ::Google::Cloud::Vision::V1::OperationMetadata::State</code></pre>
  </div>
  <div class="level1 summary">
    <strong>Parameter</strong>
    <ul>
      <li>
        <strong>value</strong> (<a href="./Google-Cloud-Vision-V1-OperationMetadata-State">::Google::Cloud::Vision::V1::OperationMetadata::State</a>) — Current state of the batch operation.
      </li>
    </ul>
  </div>
  <div class="level1 summary">
    <strong>Returns</strong>
    <ul>
      <li>
        (<a href="./Google-Cloud-Vision-V1-OperationMetadata-State">::Google::Cloud::Vision::V1::OperationMetadata::State</a>) — Current state of the batch operation.
      </li>
    </ul>
  </div>
  <h3 id="Google__Cloud__Vision__V1__OperationMetadata_update_time_instance_" data-uid="Google::Cloud::Vision::V1::OperationMetadata#update_time(instance)" class="notranslate">#update_time</h3>
  <div class="codewrapper">
    <pre class="prettyprint"><code>def update_time() -&gt; ::Google::Protobuf::Timestamp</code></pre>
  </div>
  <div class="level1 summary">
    <strong>Returns</strong>
    <ul>
      <li>
        (<a href="./Google-Protobuf-Timestamp">::Google::Protobuf::Timestamp</a>) — The time when the operation result was last updated.
      </li>
    </ul>
  </div>
  <h3 id="Google__Cloud__Vision__V1__OperationMetadata_update_time__instance_" data-uid="Google::Cloud::Vision::V1::OperationMetadata#update_time=(instance)" class="notranslate">#update_time=</h3>
  <div class="codewrapper">
    <pre class="prettyprint"><code>def update_time=(value) -&gt; ::Google::Protobuf::Timestamp</code></pre>
  </div>
  <div class="level1 summary">
    <strong>Parameter</strong>
    <ul>
      <li>
        <strong>value</strong> (<a href="./Google-Protobuf-Timestamp">::Google::Protobuf::Timestamp</a>) — The time when the operation result was last updated.
      </li>
    </ul>
  </div>
  <div class="level1 summary">
    <strong>Returns</strong>
    <ul>
      <li>
        (<a href="./Google-Protobuf-Timestamp">::Google::Protobuf::Timestamp</a>) — The time when the operation result was last updated.
      </li>
    </ul>
  </div>
</article>
    </div>
    {% endverbatim %}
  </body>
</html>
