<!DOCTYPE html>
<html devsite="">
  <head>
    <meta name="project_path" value="/ruby/docs/reference/_project.yaml">
    <meta name="book_path" value="/ruby/docs/reference/Google-Cloud-Vision-V1/latest/_book.yaml">
  </head>
  <body>
    {% verbatim %}
    <style>
      body[layout=docs][concierge] .devsite-main-content {
        grid-template-columns: 1fr minmax(365px, 100%) 1fr;
      }
      body[layout=docs][concierge] .devsite-main-content[has-book-nav], body[layout=docs][concierge] .devsite-main-content[has-book-nav][has-sidebar] {
        grid-template-columns: minmax(269px, 1fr) minmax(365px, 100%) 1fr;
      }
      body[layout=docs][concierge] devsite-content {
        max-width: 100%;
      }
      .gc-c {
        grid-template-columns: repeat(2, 1fr);
        column-gap: min(3rem, 5vw);
        row-gap: 2.5vw;
        display: grid;
        align-items: start;
      }

      .gc-a {
        display: flex;
        min-width: 0;
        flex-direction: column;
      }

      .gc-s {
        position: sticky;
        top: calc(var(--devsite-js-header-height, 0) + 16px);
        display: flex;
        flex-direction: column;
      }

      .gc-b {
        display: flex;
        flex-direction: column;
        align-items: initial;
        justify-content: initial;
        overflow: hidden;
      }
    </style>
    <div>
      <article data-uid="Google::Cloud::Vision::V1::ProductSearch">
<h1 class="page-title">Cloud Vision V1 API - Module Google::Cloud::Vision::V1::ProductSearch (v1.16.0)</h1>
  
  
  <div class="markdown level0 summary"><p>Reference documentation and code samples for the Cloud Vision V1 API module Google::Cloud::Vision::V1::ProductSearch.</p><p>Manages Products and ProductSets of reference images for use in product
search. It uses the following resource model:</p>

<ul>
<li>The API has a collection of <span class='object_link'><a href="Google-Cloud-Vision-V1-ProductSet" title="Google::Cloud::Vision::V1::ProductSet (class)">ProductSet</a></span> resources, named
<code>projects/<em>/locations/</em>/productSets/*</code>, which acts as a way to put different
products into groups to limit identification.</li>
</ul>

<p>In parallel,</p>

<ul>
<li><p>The API has a collection of <span class='object_link'><a href="Google-Cloud-Vision-V1-Product" title="Google::Cloud::Vision::V1::Product (class)">Product</a></span> resources, named
<code>projects/<em>/locations/</em>/products/<em></em></code></p></li>
<li><p>Each <span class='object_link'><a href="Google-Cloud-Vision-V1-Product" title="Google::Cloud::Vision::V1::Product (class)">Product</a></span> has a collection of <span class='object_link'><a href="Google-Cloud-Vision-V1-ReferenceImage" title="Google::Cloud::Vision::V1::ReferenceImage (class)">ReferenceImage</a></span> resources, named
<code>projects//locations/<em>/products/</em>/referenceImages/*</code></p></li>
</ul>

<p>To load this service and instantiate a client:</p>

<pre><code>require &quot;google/cloud/vision/v1/product_search&quot;
client = ::Google::Cloud::Vision::V1::ProductSearch::Client.new
</code></pre></div>
</article>
    </div>
    {% endverbatim %}
  </body>
</html>
