<!DOCTYPE html>
<html devsite="">
  <head>
    <meta name="project_path" value="/java/docs/reference/_project.yaml">
    <meta name="book_path" value="/java/docs/reference/google-cloud-speech/latest/_book.yaml">
  </head>
  <body>
    {% verbatim %}
    <style>
      body[layout=docs][concierge] .devsite-main-content {
        grid-template-columns: 1fr minmax(365px, 100%) 1fr;
      }
      body[layout=docs][concierge] .devsite-main-content[has-book-nav], body[layout=docs][concierge] .devsite-main-content[has-book-nav][has-sidebar] {
        grid-template-columns: minmax(269px, 1fr) minmax(365px, 100%) 1fr;
      }
      body[layout=docs][concierge] devsite-content {
        max-width: 100%;
      }
      .gc-c {
        grid-template-columns: repeat(2, 1fr);
        column-gap: min(3rem, 5vw);
        row-gap: 2.5vw;
        display: grid;
        align-items: start;
      }

      .gc-a {
        display: flex;
        min-width: 0;
        flex-direction: column;
      }

      .gc-s {
        position: sticky;
        top: calc(var(--devsite-js-header-height, 0) + 16px);
        display: flex;
        flex-direction: column;
      }

      .gc-b {
        display: flex;
        flex-direction: column;
        align-items: initial;
        justify-content: initial;
        overflow: hidden;
      }
    </style>
    <div>
      <article data-uid="com.google.cloud.speech.v1p1beta1.DeleteCustomClassRequestOrBuilder">
<h1 class="page-title">Interface DeleteCustomClassRequestOrBuilder (2.0.0)</h1>
  
  
  <div class="codewrapper">
    <pre class="prettyprint"><code>public interface DeleteCustomClassRequestOrBuilder extends MessageOrBuilder</code></pre>
  </div>
  <div classs="implements">
    <h2>Implements</h2>
    <span><span class="xref">com.google.protobuf.MessageOrBuilder</span></span>
  </div>
  <h2 id="methods">Methods
  </h2>
  <a id="com_google_cloud_speech_v1p1beta1_DeleteCustomClassRequestOrBuilder_getName_" data-uid="com.google.cloud.speech.v1p1beta1.DeleteCustomClassRequestOrBuilder.getName*"></a>
  <h3 id="com_google_cloud_speech_v1p1beta1_DeleteCustomClassRequestOrBuilder_getName__" data-uid="com.google.cloud.speech.v1p1beta1.DeleteCustomClassRequestOrBuilder.getName()" class="notranslate">getName()</h3>
  <div class="codewrapper">
    <pre class="prettyprint"><code>public abstract String getName()</code></pre>
  </div>
  <div class="markdown level1 summary"><p> Required. The name of the custom class to delete.
 Format:
 {api_version}/projects/{project}/locations/{location}/customClasses/{custom_class}</p>
<p> <code>
 string name = 1 [(.google.api.field_behavior) = REQUIRED, (.google.api.resource_reference) = { ... }
 </code></p>
</div>
  <table class="responsive">
    <tbody>
      <tr>
        <th colspan="2"><strong>Returns</strong></th>
      </tr>
      <tr>
        <td><strong>Type</strong></td>
        <td><strong>Description</strong></td>
      </tr>
      <tr>
        <td><code><a class="xref" href="https://docs.oracle.com/javase/8/docs/api/java/lang/String.html">String</a></code></td>
        <td><p>The name.</p>
</td>
      </tr>
    </tbody>
  </table>
  <a id="com_google_cloud_speech_v1p1beta1_DeleteCustomClassRequestOrBuilder_getNameBytes_" data-uid="com.google.cloud.speech.v1p1beta1.DeleteCustomClassRequestOrBuilder.getNameBytes*"></a>
  <h3 id="com_google_cloud_speech_v1p1beta1_DeleteCustomClassRequestOrBuilder_getNameBytes__" data-uid="com.google.cloud.speech.v1p1beta1.DeleteCustomClassRequestOrBuilder.getNameBytes()" class="notranslate">getNameBytes()</h3>
  <div class="codewrapper">
    <pre class="prettyprint"><code>public abstract ByteString getNameBytes()</code></pre>
  </div>
  <div class="markdown level1 summary"><p> Required. The name of the custom class to delete.
 Format:
 {api_version}/projects/{project}/locations/{location}/customClasses/{custom_class}</p>
<p> <code>
 string name = 1 [(.google.api.field_behavior) = REQUIRED, (.google.api.resource_reference) = { ... }
 </code></p>
</div>
  <table class="responsive">
    <tbody>
      <tr>
        <th colspan="2"><strong>Returns</strong></th>
      </tr>
      <tr>
        <td><strong>Type</strong></td>
        <td><strong>Description</strong></td>
      </tr>
      <tr>
        <td><code><span class="xref">com.google.protobuf.ByteString</span></code></td>
        <td><p>The bytes for name.</p>
</td>
      </tr>
    </tbody>
  </table>
</article>
    </div>
    {% endverbatim %}
  </body>
</html>
