<!DOCTYPE html>
<html devsite="">
  <head>
    <meta name="project_path" value="/java/docs/reference/_project.yaml">
    <meta name="book_path" value="/java/docs/reference/google-cloud-speech/latest/_book.yaml">
  </head>
  <body>
    {% verbatim %}
    <div>
      <article data-uid="com.google.cloud.speech.v1beta1.SpeechContextOrBuilder">
<h1 class="page-title">Interface SpeechContextOrBuilder (2.0.0)</h1>
  
  
  <div class="codewrapper">
    <pre class="prettyprint"><code>public interface SpeechContextOrBuilder extends MessageOrBuilder</code></pre>
  </div>
  <div classs="implements">
    <h2>Implements</h2>
    <span><span class="xref">com.google.protobuf.MessageOrBuilder</span></span>
  </div>
  <h2 id="methods">Methods
  </h2>
  <a id="com_google_cloud_speech_v1beta1_SpeechContextOrBuilder_getPhrases_" data-uid="com.google.cloud.speech.v1beta1.SpeechContextOrBuilder.getPhrases*"></a>
  <h3 id="com_google_cloud_speech_v1beta1_SpeechContextOrBuilder_getPhrases_int_" data-uid="com.google.cloud.speech.v1beta1.SpeechContextOrBuilder.getPhrases(int)" class="notranslate">getPhrases(int index)</h3>
  <div class="codewrapper">
    <pre class="prettyprint"><code>public abstract String getPhrases(int index)</code></pre>
  </div>
  <div class="markdown level1 summary"><p> <em>Optional</em> A list of strings containing words and phrases &quot;hints&quot; so that
 the speech recognition is more likely to recognize them. This can be used
 to improve the accuracy for specific words and phrases, for example, if
 specific commands are typically spoken by the user. This can also be used
 to add additional words to the vocabulary of the recognizer. See
 <a href="https://cloud.google.com/speech/limits#content">usage limits</a>.</p>
<p> <code>repeated string phrases = 1;</code></p>
</div>
  <strong>Parameter</strong>
  <table class="responsive">
    <tbody>
      <tr>
        <td><strong>Name</strong></td>
        <td><strong>Description</strong></td>
      </tr>
      <tr>
        <td><span class="parametername"><code>index</code></span></td>
        <td><code><a class="xref" href="https://docs.oracle.com/javase/tutorial/java/nutsandbolts/datatypes.html">int</a></code><br></td>
      </tr>
    </tbody>
  </table>
  <strong>Returns</strong>
  <table class="responsive">
    <tbody>
      <tr>
        <td><strong>Type</strong></td>
        <td><strong>Description</strong></td>
      </tr>
      <tr>
        <td><code><a class="xref" href="https://docs.oracle.com/javase/8/docs/api/java/lang/String.html">String</a></code></td>
        <td></td>
      </tr>
    </tbody>
  </table>
  <a id="com_google_cloud_speech_v1beta1_SpeechContextOrBuilder_getPhrasesBytes_" data-uid="com.google.cloud.speech.v1beta1.SpeechContextOrBuilder.getPhrasesBytes*"></a>
  <h3 id="com_google_cloud_speech_v1beta1_SpeechContextOrBuilder_getPhrasesBytes_int_" data-uid="com.google.cloud.speech.v1beta1.SpeechContextOrBuilder.getPhrasesBytes(int)" class="notranslate">getPhrasesBytes(int index)</h3>
  <div class="codewrapper">
    <pre class="prettyprint"><code>public abstract ByteString getPhrasesBytes(int index)</code></pre>
  </div>
  <div class="markdown level1 summary"><p> <em>Optional</em> A list of strings containing words and phrases &quot;hints&quot; so that
 the speech recognition is more likely to recognize them. This can be used
 to improve the accuracy for specific words and phrases, for example, if
 specific commands are typically spoken by the user. This can also be used
 to add additional words to the vocabulary of the recognizer. See
 <a href="https://cloud.google.com/speech/limits#content">usage limits</a>.</p>
<p> <code>repeated string phrases = 1;</code></p>
</div>
  <strong>Parameter</strong>
  <table class="responsive">
    <tbody>
      <tr>
        <td><strong>Name</strong></td>
        <td><strong>Description</strong></td>
      </tr>
      <tr>
        <td><span class="parametername"><code>index</code></span></td>
        <td><code><a class="xref" href="https://docs.oracle.com/javase/tutorial/java/nutsandbolts/datatypes.html">int</a></code><br></td>
      </tr>
    </tbody>
  </table>
  <strong>Returns</strong>
  <table class="responsive">
    <tbody>
      <tr>
        <td><strong>Type</strong></td>
        <td><strong>Description</strong></td>
      </tr>
      <tr>
        <td><code><span class="xref">com.google.protobuf.ByteString</span></code></td>
        <td></td>
      </tr>
    </tbody>
  </table>
  <a id="com_google_cloud_speech_v1beta1_SpeechContextOrBuilder_getPhrasesCount_" data-uid="com.google.cloud.speech.v1beta1.SpeechContextOrBuilder.getPhrasesCount*"></a>
  <h3 id="com_google_cloud_speech_v1beta1_SpeechContextOrBuilder_getPhrasesCount__" data-uid="com.google.cloud.speech.v1beta1.SpeechContextOrBuilder.getPhrasesCount()" class="notranslate">getPhrasesCount()</h3>
  <div class="codewrapper">
    <pre class="prettyprint"><code>public abstract int getPhrasesCount()</code></pre>
  </div>
  <div class="markdown level1 summary"><p> <em>Optional</em> A list of strings containing words and phrases &quot;hints&quot; so that
 the speech recognition is more likely to recognize them. This can be used
 to improve the accuracy for specific words and phrases, for example, if
 specific commands are typically spoken by the user. This can also be used
 to add additional words to the vocabulary of the recognizer. See
 <a href="https://cloud.google.com/speech/limits#content">usage limits</a>.</p>
<p> <code>repeated string phrases = 1;</code></p>
</div>
  <strong>Returns</strong>
  <table class="responsive">
    <tbody>
      <tr>
        <td><strong>Type</strong></td>
        <td><strong>Description</strong></td>
      </tr>
      <tr>
        <td><code><a class="xref" href="https://docs.oracle.com/javase/tutorial/java/nutsandbolts/datatypes.html">int</a></code></td>
        <td></td>
      </tr>
    </tbody>
  </table>
  <a id="com_google_cloud_speech_v1beta1_SpeechContextOrBuilder_getPhrasesList_" data-uid="com.google.cloud.speech.v1beta1.SpeechContextOrBuilder.getPhrasesList*"></a>
  <h3 id="com_google_cloud_speech_v1beta1_SpeechContextOrBuilder_getPhrasesList__" data-uid="com.google.cloud.speech.v1beta1.SpeechContextOrBuilder.getPhrasesList()" class="notranslate">getPhrasesList()</h3>
  <div class="codewrapper">
    <pre class="prettyprint"><code>public abstract List&lt;String&gt; getPhrasesList()</code></pre>
  </div>
  <div class="markdown level1 summary"><p> <em>Optional</em> A list of strings containing words and phrases &quot;hints&quot; so that
 the speech recognition is more likely to recognize them. This can be used
 to improve the accuracy for specific words and phrases, for example, if
 specific commands are typically spoken by the user. This can also be used
 to add additional words to the vocabulary of the recognizer. See
 <a href="https://cloud.google.com/speech/limits#content">usage limits</a>.</p>
<p> <code>repeated string phrases = 1;</code></p>
</div>
  <strong>Returns</strong>
  <table class="responsive">
    <tbody>
      <tr>
        <td><strong>Type</strong></td>
        <td><strong>Description</strong></td>
      </tr>
      <tr>
        <td><code><a class="xref" href="https://docs.oracle.com/javase/8/docs/api/java/util/List.html">List</a>&lt;<a class="xref" href="https://docs.oracle.com/javase/8/docs/api/java/lang/String.html">String</a>&gt;</code></td>
        <td></td>
      </tr>
    </tbody>
  </table>
</article>
    </div>
    {% endverbatim %}
  </body>
</html>
