<!DOCTYPE html>
<html devsite="">
  <head>
    <meta name="project_path" value="/java/docs/reference/_project.yaml">
    <meta name="book_path" value="/java/docs/reference/google-cloud-speech/latest/_book.yaml">
  </head>
  <body>
    {% verbatim %}
    <div>
      <article data-uid="com.google.cloud.speech.v1beta1.RecognitionAudio.AudioSourceCase">
<h1 class="page-title">Enum RecognitionAudio.AudioSourceCase (2.0.0)</h1>
  
  
  <div class="codewrapper">
    <pre class="prettyprint"><code>public enum RecognitionAudio.AudioSourceCase extends Enum&lt;RecognitionAudio.AudioSourceCase&gt; implements Internal.EnumLite</code></pre>
  </div>
  <div classs="implements">
    <h2>Implements</h2>
    <span><span class="xref">com.google.protobuf.Internal.EnumLite</span></span>
  </div>
  <div class="inheritedMembers expandable">
    <h2 class="showalways">Inherited Members</h2>
    <div>
      <a class="xref" href="https://docs.oracle.com/javase/8/docs/api/java/lang/Enum.html#valueOf-java.lang.Class-java.lang.String-">Enum.&lt;T&gt;valueOf(Class&lt;T&gt;,String)</a>
    </div>
    <div>
      <a class="xref" href="https://docs.oracle.com/javase/8/docs/api/java/lang/Enum.html#clone--">Enum.clone()</a>
    </div>
    <div>
      <a class="xref" href="https://docs.oracle.com/javase/8/docs/api/java/lang/Enum.html#compareTo-E-">Enum.compareTo(E)</a>
    </div>
    <div>
      <a class="xref" href="https://docs.oracle.com/javase/8/docs/api/java/lang/Enum.html#equals-java.lang.Object-">Enum.equals(Object)</a>
    </div>
    <div>
      <a class="xref" href="https://docs.oracle.com/javase/8/docs/api/java/lang/Enum.html#finalize--">Enum.finalize()</a>
    </div>
    <div>
      <a class="xref" href="https://docs.oracle.com/javase/8/docs/api/java/lang/Enum.html#getDeclaringClass--">Enum.getDeclaringClass()</a>
    </div>
    <div>
      <a class="xref" href="https://docs.oracle.com/javase/8/docs/api/java/lang/Enum.html#hashCode--">Enum.hashCode()</a>
    </div>
    <div>
      <a class="xref" href="https://docs.oracle.com/javase/8/docs/api/java/lang/Enum.html#name--">Enum.name()</a>
    </div>
    <div>
      <a class="xref" href="https://docs.oracle.com/javase/8/docs/api/java/lang/Enum.html#ordinal--">Enum.ordinal()</a>
    </div>
    <div>
      <a class="xref" href="https://docs.oracle.com/javase/8/docs/api/java/lang/Enum.html#toString--">Enum.toString()</a>
    </div>
    <div>
      <a class="xref" href="https://docs.oracle.com/javase/8/docs/api/java/lang/Object.html#getClass--">Object.getClass()</a>
    </div>
    <div>
      <a class="xref" href="https://docs.oracle.com/javase/8/docs/api/java/lang/Object.html#notify--">Object.notify()</a>
    </div>
    <div>
      <a class="xref" href="https://docs.oracle.com/javase/8/docs/api/java/lang/Object.html#notifyAll--">Object.notifyAll()</a>
    </div>
    <div>
      <a class="xref" href="https://docs.oracle.com/javase/8/docs/api/java/lang/Object.html#wait--">Object.wait()</a>
    </div>
    <div>
      <a class="xref" href="https://docs.oracle.com/javase/8/docs/api/java/lang/Object.html#wait-long-">Object.wait(long)</a>
    </div>
    <div>
      <a class="xref" href="https://docs.oracle.com/javase/8/docs/api/java/lang/Object.html#wait-long-int-">Object.wait(long,int)</a>
    </div>
  </div>
  <table class="responsive">
    <tbody>
      <tr>
        <th colspan="2"><h2 id="staticFields">Static Fields
  </h2></th>
      </tr>
      <tr>
        <td><strong>Name</strong></td>
        <td><strong>Description</strong></td>
      </tr>
      <tr>
        <td id="com_google_cloud_speech_v1beta1_RecognitionAudio_AudioSourceCase_AUDIOSOURCE_NOT_SET"><code>AUDIOSOURCE_NOT_SET</code></td>
        <td></td>
      </tr>
      <tr>
        <td id="com_google_cloud_speech_v1beta1_RecognitionAudio_AudioSourceCase_CONTENT"><code>CONTENT</code></td>
        <td></td>
      </tr>
      <tr>
        <td id="com_google_cloud_speech_v1beta1_RecognitionAudio_AudioSourceCase_URI"><code>URI</code></td>
        <td></td>
      </tr>
    </tbody>
  </table>
  <table class="responsive">
    <tbody>
      <tr>
        <th colspan="2"><h2 id="staticMethods">Static Methods
  </h2></th>
      </tr>
      <tr>
        <td><strong>Name</strong></td>
        <td><strong>Description</strong></td>
      </tr>
      <tr>
        <td id="com_google_cloud_speech_v1beta1_RecognitionAudio_AudioSourceCase_forNumber_int_"><code>forNumber(int value)</code></td>
        <td></td>
      </tr>
      <tr>
        <td id="com_google_cloud_speech_v1beta1_RecognitionAudio_AudioSourceCase_valueOf_int_"><code>valueOf(int value)</code></td>
        <td><p><strong>Deprecated.</strong> <em>Use <a class="xref" href="com.google.cloud.speech.v1beta1.RecognitionAudio.AudioSourceCase.html#com_google_cloud_speech_v1beta1_RecognitionAudio_AudioSourceCase_forNumber_int_">#forNumber(int)</a> instead.</em></p>
</td>
      </tr>
      <tr>
        <td id="com_google_cloud_speech_v1beta1_RecognitionAudio_AudioSourceCase_valueOf_java_lang_String_"><code>valueOf(String name)</code></td>
        <td></td>
      </tr>
      <tr>
        <td id="com_google_cloud_speech_v1beta1_RecognitionAudio_AudioSourceCase_values__"><code>values()</code></td>
        <td></td>
      </tr>
    </tbody>
  </table>
  <table class="responsive">
    <tbody>
      <tr>
        <th colspan="2"><h2 id="methods">Methods
  </h2></th>
      </tr>
      <tr>
        <td><strong>Name</strong></td>
        <td><strong>Description</strong></td>
      </tr>
      <tr>
        <td id="com_google_cloud_speech_v1beta1_RecognitionAudio_AudioSourceCase_getNumber__"><code>getNumber()</code></td>
        <td></td>
      </tr>
    </tbody>
  </table>
</article>
    </div>
    {% endverbatim %}
  </body>
</html>
