<!DOCTYPE html>
<html devsite="">
  <head>
    <meta name="project_path" value="/php/docs/reference/_project.yaml">
    <meta name="book_path" value="/php/docs/reference/vision/latest/_book.yaml">
  </head>
  <body>
    {% verbatim %}
    <div>
      <article data-uid="\Google\Cloud\Vision\V1\ColorInfo">
<h1 class="page-title">Class ColorInfo (1.0.0)</h1>
  
  
  <div class="markdown level0 summary"><p>Color information consists of RGB channels, score, and the fraction of
the image that the color occupies in the image.</p>
<p>Generated from protobuf message <code>google.cloud.vision.v1.ColorInfo</code></p>
</div>
  <h2 id="methods">Methods
  </h2>
  <h3 id="_Google_Cloud_Vision_V1_ColorInfo____construct__" data-uid="\Google\Cloud\Vision\V1\ColorInfo::__construct()" class="notranslate">__construct</h3>
  <div class="markdown level1 summary"><p>Constructor.</p>
</div>
  <table class="responsive">
    <tbody>
      <tr>
        <th colspan="2"><strong>Parameters</strong></th>
      </tr>
      <tr>
        <td><strong>Name</strong></td>
        <td><strong>Description</strong></td>
      </tr>
      <tr>
        <td><code>data</code></td>
        <td>
          <code>array</code>
          <br>
          <p>Optional. Data for populating the Message object.</p>

          
        </td>
      </tr>
      <tr>
        <td><code>↳ color</code></td>
        <td>
          <code><a href="https://googleapis.github.io/common-protos-php#Google/Type/Color">Google\Type\Color</a></code>
          <br>
          <p>RGB components of the color.</p>

          
        </td>
      </tr>
      <tr>
        <td><code>↳ score</code></td>
        <td>
          <code>float</code>
          <br>
          <p>Image-specific score for this color. Value in range [0, 1].</p>

          
        </td>
      </tr>
      <tr>
        <td><code>↳ pixel_fraction</code></td>
        <td>
          <code>float</code>
          <br>
          <p>The fraction of pixels the color occupies in the image. Value in range [0, 1].</p>

          
        </td>
      </tr>
    </tbody>
  </table>
  <h3 id="_Google_Cloud_Vision_V1_ColorInfo__getColor__" data-uid="\Google\Cloud\Vision\V1\ColorInfo::getColor()" class="notranslate">getColor</h3>
  <div class="markdown level1 summary"><p>RGB components of the color.</p>
<p>Generated from protobuf field <code>.google.type.Color color = 1;</code></p>
</div>
  <table class="responsive">
    <tbody>
      <tr>
        <th colspan="2"><strong>Returns</strong></th>
      </tr>
      <tr>
        <td><strong>Type</strong></td>
        <td><strong>Description</strong></td>
      </tr>
      <tr>
        <td><code><a href="https://googleapis.github.io/common-protos-php#Google/Type/Color">Google\Type\Color</a>|null</code></td>
        <td></td>
      </tr>
    </tbody>
  </table>
  <h3 id="_Google_Cloud_Vision_V1_ColorInfo__hasColor__" data-uid="\Google\Cloud\Vision\V1\ColorInfo::hasColor()" class="notranslate">hasColor</h3>
  <h3 id="_Google_Cloud_Vision_V1_ColorInfo__clearColor__" data-uid="\Google\Cloud\Vision\V1\ColorInfo::clearColor()" class="notranslate">clearColor</h3>
  <h3 id="_Google_Cloud_Vision_V1_ColorInfo__setColor__" data-uid="\Google\Cloud\Vision\V1\ColorInfo::setColor()" class="notranslate">setColor</h3>
  <div class="markdown level1 summary"><p>RGB components of the color.</p>
<p>Generated from protobuf field <code>.google.type.Color color = 1;</code></p>
</div>
  <table class="responsive">
    <tbody>
      <tr>
        <th colspan="2"><strong>Parameter</strong></th>
      </tr>
      <tr>
        <td><strong>Name</strong></td>
        <td><strong>Description</strong></td>
      </tr>
      <tr>
        <td><code>var</code></td>
        <td>
          <code><a href="https://googleapis.github.io/common-protos-php#Google/Type/Color">Google\Type\Color</a></code>
          <br>
          
          
        </td>
      </tr>
    </tbody>
  </table>
  <table class="responsive">
    <tbody>
      <tr>
        <th colspan="2"><strong>Returns</strong></th>
      </tr>
      <tr>
        <td><strong>Type</strong></td>
        <td><strong>Description</strong></td>
      </tr>
      <tr>
        <td><code>$this</code></td>
        <td></td>
      </tr>
    </tbody>
  </table>
  <h3 id="_Google_Cloud_Vision_V1_ColorInfo__getScore__" data-uid="\Google\Cloud\Vision\V1\ColorInfo::getScore()" class="notranslate">getScore</h3>
  <div class="markdown level1 summary"><p>Image-specific score for this color. Value in range [0, 1].</p>
<p>Generated from protobuf field <code>float score = 2;</code></p>
</div>
  <table class="responsive">
    <tbody>
      <tr>
        <th colspan="2"><strong>Returns</strong></th>
      </tr>
      <tr>
        <td><strong>Type</strong></td>
        <td><strong>Description</strong></td>
      </tr>
      <tr>
        <td><code>float</code></td>
        <td></td>
      </tr>
    </tbody>
  </table>
  <h3 id="_Google_Cloud_Vision_V1_ColorInfo__setScore__" data-uid="\Google\Cloud\Vision\V1\ColorInfo::setScore()" class="notranslate">setScore</h3>
  <div class="markdown level1 summary"><p>Image-specific score for this color. Value in range [0, 1].</p>
<p>Generated from protobuf field <code>float score = 2;</code></p>
</div>
  <table class="responsive">
    <tbody>
      <tr>
        <th colspan="2"><strong>Parameter</strong></th>
      </tr>
      <tr>
        <td><strong>Name</strong></td>
        <td><strong>Description</strong></td>
      </tr>
      <tr>
        <td><code>var</code></td>
        <td>
          <code>float</code>
          <br>
          
          
        </td>
      </tr>
    </tbody>
  </table>
  <table class="responsive">
    <tbody>
      <tr>
        <th colspan="2"><strong>Returns</strong></th>
      </tr>
      <tr>
        <td><strong>Type</strong></td>
        <td><strong>Description</strong></td>
      </tr>
      <tr>
        <td><code>$this</code></td>
        <td></td>
      </tr>
    </tbody>
  </table>
  <h3 id="_Google_Cloud_Vision_V1_ColorInfo__getPixelFraction__" data-uid="\Google\Cloud\Vision\V1\ColorInfo::getPixelFraction()" class="notranslate">getPixelFraction</h3>
  <div class="markdown level1 summary"><p>The fraction of pixels the color occupies in the image.</p>
<p>Value in range [0, 1].</p>
<p>Generated from protobuf field <code>float pixel_fraction = 3;</code></p>
</div>
  <table class="responsive">
    <tbody>
      <tr>
        <th colspan="2"><strong>Returns</strong></th>
      </tr>
      <tr>
        <td><strong>Type</strong></td>
        <td><strong>Description</strong></td>
      </tr>
      <tr>
        <td><code>float</code></td>
        <td></td>
      </tr>
    </tbody>
  </table>
  <h3 id="_Google_Cloud_Vision_V1_ColorInfo__setPixelFraction__" data-uid="\Google\Cloud\Vision\V1\ColorInfo::setPixelFraction()" class="notranslate">setPixelFraction</h3>
  <div class="markdown level1 summary"><p>The fraction of pixels the color occupies in the image.</p>
<p>Value in range [0, 1].</p>
<p>Generated from protobuf field <code>float pixel_fraction = 3;</code></p>
</div>
  <table class="responsive">
    <tbody>
      <tr>
        <th colspan="2"><strong>Parameter</strong></th>
      </tr>
      <tr>
        <td><strong>Name</strong></td>
        <td><strong>Description</strong></td>
      </tr>
      <tr>
        <td><code>var</code></td>
        <td>
          <code>float</code>
          <br>
          
          
        </td>
      </tr>
    </tbody>
  </table>
  <table class="responsive">
    <tbody>
      <tr>
        <th colspan="2"><strong>Returns</strong></th>
      </tr>
      <tr>
        <td><strong>Type</strong></td>
        <td><strong>Description</strong></td>
      </tr>
      <tr>
        <td><code>$this</code></td>
        <td></td>
      </tr>
    </tbody>
  </table>
</article>
    </div>
    {% endverbatim %}
  </body>
</html>
