<!DOCTYPE html>
<html devsite="">
  <head>
    <meta name="project_path" value="/php/docs/reference/_project.yaml">
    <meta name="book_path" value="/php/docs/reference/vision/latest/_book.yaml">
  </head>
  <body>
    {% verbatim %}
    <div>
      <article data-uid="\Google\Cloud\Vision\V1\DominantColorsAnnotation">
<h1 class="page-title">Class DominantColorsAnnotation (1.0.0)</h1>
  
  
  <div class="markdown level0 summary"><p>Set of dominant colors and their corresponding scores.</p>
<p>Generated from protobuf message <code>google.cloud.vision.v1.DominantColorsAnnotation</code></p>
</div>
  <h2 id="methods">Methods
  </h2>
  <h3 id="_Google_Cloud_Vision_V1_DominantColorsAnnotation____construct__" data-uid="\Google\Cloud\Vision\V1\DominantColorsAnnotation::__construct()" class="notranslate">__construct</h3>
  <div class="markdown level1 summary"><p>Constructor.</p>
</div>
  <table class="responsive">
    <tbody>
      <tr>
        <th colspan="2"><strong>Parameters</strong></th>
      </tr>
      <tr>
        <td><strong>Name</strong></td>
        <td><strong>Description</strong></td>
      </tr>
      <tr>
        <td><code>data</code></td>
        <td>
          <code>array</code>
          <br>
          <p>Optional. Data for populating the Message object.</p>

          
        </td>
      </tr>
      <tr>
        <td><code>↳ colors</code></td>
        <td>
          <code>array&lt;<a class="xref" href="V1.ColorInfo.html">Google\Cloud\Vision\V1\ColorInfo</a>&gt;</code>
          <br>
          <p>RGB color values with their score and pixel fraction.</p>

          
        </td>
      </tr>
    </tbody>
  </table>
  <h3 id="_Google_Cloud_Vision_V1_DominantColorsAnnotation__getColors__" data-uid="\Google\Cloud\Vision\V1\DominantColorsAnnotation::getColors()" class="notranslate">getColors</h3>
  <div class="markdown level1 summary"><p>RGB color values with their score and pixel fraction.</p>
<p>Generated from protobuf field <code>repeated .google.cloud.vision.v1.ColorInfo colors = 1;</code></p>
</div>
  <table class="responsive">
    <tbody>
      <tr>
        <th colspan="2"><strong>Returns</strong></th>
      </tr>
      <tr>
        <td><strong>Type</strong></td>
        <td><strong>Description</strong></td>
      </tr>
      <tr>
        <td><code>Google\Protobuf\Internal\RepeatedField</code></td>
        <td></td>
      </tr>
    </tbody>
  </table>
  <h3 id="_Google_Cloud_Vision_V1_DominantColorsAnnotation__setColors__" data-uid="\Google\Cloud\Vision\V1\DominantColorsAnnotation::setColors()" class="notranslate">setColors</h3>
  <div class="markdown level1 summary"><p>RGB color values with their score and pixel fraction.</p>
<p>Generated from protobuf field <code>repeated .google.cloud.vision.v1.ColorInfo colors = 1;</code></p>
</div>
  <table class="responsive">
    <tbody>
      <tr>
        <th colspan="2"><strong>Parameter</strong></th>
      </tr>
      <tr>
        <td><strong>Name</strong></td>
        <td><strong>Description</strong></td>
      </tr>
      <tr>
        <td><code>var</code></td>
        <td>
          <code>array&lt;<a class="xref" href="V1.ColorInfo.html">Google\Cloud\Vision\V1\ColorInfo</a>&gt;</code>
          <br>
          
          
        </td>
      </tr>
    </tbody>
  </table>
  <table class="responsive">
    <tbody>
      <tr>
        <th colspan="2"><strong>Returns</strong></th>
      </tr>
      <tr>
        <td><strong>Type</strong></td>
        <td><strong>Description</strong></td>
      </tr>
      <tr>
        <td><code>$this</code></td>
        <td></td>
      </tr>
    </tbody>
  </table>
</article>
    </div>
    {% endverbatim %}
  </body>
</html>
