<!DOCTYPE html>
<html devsite="">
  <head>
    <meta name="project_path" value="/php/docs/reference/_project.yaml">
    <meta name="book_path" value="/php/docs/reference/vision/latest/_book.yaml">
  </head>
  <body>
    {% verbatim %}
    <style>
      body[layout=docs][concierge] .devsite-main-content {
        grid-template-columns: 1fr minmax(365px, 100%) 1fr;
      }
      body[layout=docs][concierge] .devsite-main-content[has-book-nav], body[layout=docs][concierge] .devsite-main-content[has-book-nav][has-sidebar] {
        grid-template-columns: minmax(269px, 1fr) minmax(365px, 100%) 1fr;
      }
      body[layout=docs][concierge] devsite-content {
        max-width: 100%;
      }
      .gc-c {
        grid-template-columns: repeat(2, 1fr);
        column-gap: min(3rem, 5vw);
        row-gap: 2.5vw;
        display: grid;
        align-items: start;
      }

      .gc-a {
        display: flex;
        min-width: 0;
        flex-direction: column;
      }

      .gc-s {
        position: sticky;
        top: calc(var(--devsite-js-header-height, 0) + 16px);
        display: flex;
        flex-direction: column;
      }

      .gc-b {
        display: flex;
        flex-direction: column;
        align-items: initial;
        justify-content: initial;
        overflow: hidden;
      }
    </style>
    <div>
      <article data-uid="\Google\Cloud\Vision\V1\Feature">
<h1 class="page-title">Class Feature (1.0.0)</h1>
  
  
  <div class="markdown level0 summary"><p>The type of Google Cloud Vision API detection to perform, and the maximum
number of results to return for that type. Multiple <code>Feature</code> objects can
be specified in the <code>features</code> list.</p>
<p>Generated from protobuf message <code>google.cloud.vision.v1.Feature</code></p>
</div>
  <h2 id="methods">Methods
  </h2>
  <h3 id="_Google_Cloud_Vision_V1_Feature____construct__" data-uid="\Google\Cloud\Vision\V1\Feature::__construct()" class="notranslate">__construct</h3>
  <div class="markdown level1 summary"><p>Constructor.</p>
</div>
  <table class="responsive">
    <tbody>
      <tr>
        <th colspan="2"><strong>Parameters</strong></th>
      </tr>
      <tr>
        <td><strong>Name</strong></td>
        <td><strong>Description</strong></td>
      </tr>
      <tr>
        <td><code>data</code></td>
        <td>
          <code>array</code>
          <br>
          <p>Optional. Data for populating the Message object.</p>

          
        </td>
      </tr>
      <tr>
        <td><code>↳ type</code></td>
        <td>
          <code>int</code>
          <br>
          <p>The feature type.</p>

          
        </td>
      </tr>
      <tr>
        <td><code>↳ max_results</code></td>
        <td>
          <code>int</code>
          <br>
          <p>Maximum number of results of this type. Does not apply to <code>TEXT_DETECTION</code>, <code>DOCUMENT_TEXT_DETECTION</code>, or <code>CROP_HINTS</code>.</p>

          
        </td>
      </tr>
      <tr>
        <td><code>↳ model</code></td>
        <td>
          <code>string</code>
          <br>
          <p>Model to use for the feature. Supported values: &quot;builtin/stable&quot; (the default if unset) and &quot;builtin/latest&quot;.</p>

          
        </td>
      </tr>
    </tbody>
  </table>
  <h3 id="_Google_Cloud_Vision_V1_Feature__getType__" data-uid="\Google\Cloud\Vision\V1\Feature::getType()" class="notranslate">getType</h3>
  <div class="markdown level1 summary"><p>The feature type.</p>
<p>Generated from protobuf field <code>.google.cloud.vision.v1.Feature.Type type = 1;</code></p>
</div>
  <table class="responsive">
    <tbody>
      <tr>
        <th colspan="2"><strong>Returns</strong></th>
      </tr>
      <tr>
        <td><strong>Type</strong></td>
        <td><strong>Description</strong></td>
      </tr>
      <tr>
        <td><code>int</code></td>
        <td></td>
      </tr>
    </tbody>
  </table>
  <h3 id="_Google_Cloud_Vision_V1_Feature__setType__" data-uid="\Google\Cloud\Vision\V1\Feature::setType()" class="notranslate">setType</h3>
  <div class="markdown level1 summary"><p>The feature type.</p>
<p>Generated from protobuf field <code>.google.cloud.vision.v1.Feature.Type type = 1;</code></p>
</div>
  <table class="responsive">
    <tbody>
      <tr>
        <th colspan="2"><strong>Parameter</strong></th>
      </tr>
      <tr>
        <td><strong>Name</strong></td>
        <td><strong>Description</strong></td>
      </tr>
      <tr>
        <td><code>var</code></td>
        <td>
          <code>int</code>
          <br>
          
          
        </td>
      </tr>
    </tbody>
  </table>
  <table class="responsive">
    <tbody>
      <tr>
        <th colspan="2"><strong>Returns</strong></th>
      </tr>
      <tr>
        <td><strong>Type</strong></td>
        <td><strong>Description</strong></td>
      </tr>
      <tr>
        <td><code>$this</code></td>
        <td></td>
      </tr>
    </tbody>
  </table>
  <h3 id="_Google_Cloud_Vision_V1_Feature__getMaxResults__" data-uid="\Google\Cloud\Vision\V1\Feature::getMaxResults()" class="notranslate">getMaxResults</h3>
  <div class="markdown level1 summary"><p>Maximum number of results of this type. Does not apply to
<code>TEXT_DETECTION</code>, <code>DOCUMENT_TEXT_DETECTION</code>, or <code>CROP_HINTS</code>.</p>
<p>Generated from protobuf field <code>int32 max_results = 2;</code></p>
</div>
  <table class="responsive">
    <tbody>
      <tr>
        <th colspan="2"><strong>Returns</strong></th>
      </tr>
      <tr>
        <td><strong>Type</strong></td>
        <td><strong>Description</strong></td>
      </tr>
      <tr>
        <td><code>int</code></td>
        <td></td>
      </tr>
    </tbody>
  </table>
  <h3 id="_Google_Cloud_Vision_V1_Feature__setMaxResults__" data-uid="\Google\Cloud\Vision\V1\Feature::setMaxResults()" class="notranslate">setMaxResults</h3>
  <div class="markdown level1 summary"><p>Maximum number of results of this type. Does not apply to
<code>TEXT_DETECTION</code>, <code>DOCUMENT_TEXT_DETECTION</code>, or <code>CROP_HINTS</code>.</p>
<p>Generated from protobuf field <code>int32 max_results = 2;</code></p>
</div>
  <table class="responsive">
    <tbody>
      <tr>
        <th colspan="2"><strong>Parameter</strong></th>
      </tr>
      <tr>
        <td><strong>Name</strong></td>
        <td><strong>Description</strong></td>
      </tr>
      <tr>
        <td><code>var</code></td>
        <td>
          <code>int</code>
          <br>
          
          
        </td>
      </tr>
    </tbody>
  </table>
  <table class="responsive">
    <tbody>
      <tr>
        <th colspan="2"><strong>Returns</strong></th>
      </tr>
      <tr>
        <td><strong>Type</strong></td>
        <td><strong>Description</strong></td>
      </tr>
      <tr>
        <td><code>$this</code></td>
        <td></td>
      </tr>
    </tbody>
  </table>
  <h3 id="_Google_Cloud_Vision_V1_Feature__getModel__" data-uid="\Google\Cloud\Vision\V1\Feature::getModel()" class="notranslate">getModel</h3>
  <div class="markdown level1 summary"><p>Model to use for the feature.</p>
<p>Supported values: &quot;builtin/stable&quot; (the default if unset) and
&quot;builtin/latest&quot;.</p>
<p>Generated from protobuf field <code>string model = 3;</code></p>
</div>
  <table class="responsive">
    <tbody>
      <tr>
        <th colspan="2"><strong>Returns</strong></th>
      </tr>
      <tr>
        <td><strong>Type</strong></td>
        <td><strong>Description</strong></td>
      </tr>
      <tr>
        <td><code>string</code></td>
        <td></td>
      </tr>
    </tbody>
  </table>
  <h3 id="_Google_Cloud_Vision_V1_Feature__setModel__" data-uid="\Google\Cloud\Vision\V1\Feature::setModel()" class="notranslate">setModel</h3>
  <div class="markdown level1 summary"><p>Model to use for the feature.</p>
<p>Supported values: &quot;builtin/stable&quot; (the default if unset) and
&quot;builtin/latest&quot;.</p>
<p>Generated from protobuf field <code>string model = 3;</code></p>
</div>
  <table class="responsive">
    <tbody>
      <tr>
        <th colspan="2"><strong>Parameter</strong></th>
      </tr>
      <tr>
        <td><strong>Name</strong></td>
        <td><strong>Description</strong></td>
      </tr>
      <tr>
        <td><code>var</code></td>
        <td>
          <code>string</code>
          <br>
          
          
        </td>
      </tr>
    </tbody>
  </table>
  <table class="responsive">
    <tbody>
      <tr>
        <th colspan="2"><strong>Returns</strong></th>
      </tr>
      <tr>
        <td><strong>Type</strong></td>
        <td><strong>Description</strong></td>
      </tr>
      <tr>
        <td><code>$this</code></td>
        <td></td>
      </tr>
    </tbody>
  </table>
</article>
    </div>
    {% endverbatim %}
  </body>
</html>
