<!DOCTYPE html>
<html devsite="">
  <head>
    <meta name="project_path" value="/php/docs/reference/_project.yaml">
    <meta name="book_path" value="/php/docs/reference/vision/latest/_book.yaml">
  </head>
  <body>
    {% verbatim %}
    <style>
      body[layout=docs][concierge] .devsite-main-content {
        grid-template-columns: 1fr minmax(365px, 100%) 1fr;
      }
      body[layout=docs][concierge] .devsite-main-content[has-book-nav], body[layout=docs][concierge] .devsite-main-content[has-book-nav][has-sidebar] {
        grid-template-columns: minmax(269px, 1fr) minmax(365px, 100%) 1fr;
      }
      body[layout=docs][concierge] devsite-content {
        max-width: 100%;
      }
      .gc-c {
        grid-template-columns: repeat(2, 1fr);
        column-gap: min(3rem, 5vw);
        row-gap: 2.5vw;
        display: grid;
        align-items: start;
      }

      .gc-a {
        display: flex;
        min-width: 0;
        flex-direction: column;
      }

      .gc-s {
        position: sticky;
        top: calc(var(--devsite-js-header-height, 0) + 16px);
        display: flex;
        flex-direction: column;
      }

      .gc-b {
        display: flex;
        flex-direction: column;
        align-items: initial;
        justify-content: initial;
        overflow: hidden;
      }
    </style>
    <div>
      <article data-uid="\Google\Cloud\Vision\V1\OperationMetadata\State">
<h1 class="page-title">Class State (1.0.0)</h1>
  
  
  <div class="markdown level0 summary"><p>Batch operation states.</p>
<p>Protobuf type <code>google.cloud.vision.v1.OperationMetadata.State</code></p>
</div>
  <h2 id="methods">Methods
  </h2>
  <h3 id="_Google_Cloud_Vision_V1_OperationMetadata_State__name__" data-uid="\Google\Cloud\Vision\V1\OperationMetadata\State::name()" class="notranslate">name</h3>
  <table class="responsive">
    <tbody>
      <tr>
        <th colspan="2"><strong>Parameter</strong></th>
      </tr>
      <tr>
        <td><strong>Name</strong></td>
        <td><strong>Description</strong></td>
      </tr>
      <tr>
        <td><code>value</code></td>
        <td>
          <code>mixed</code>
          <br>
          
          
        </td>
      </tr>
    </tbody>
  </table>
  <h3 id="_Google_Cloud_Vision_V1_OperationMetadata_State__value__" data-uid="\Google\Cloud\Vision\V1\OperationMetadata\State::value()" class="notranslate">value</h3>
  <table class="responsive">
    <tbody>
      <tr>
        <th colspan="2"><strong>Parameter</strong></th>
      </tr>
      <tr>
        <td><strong>Name</strong></td>
        <td><strong>Description</strong></td>
      </tr>
      <tr>
        <td><code>name</code></td>
        <td>
          <code>mixed</code>
          <br>
          
          
        </td>
      </tr>
    </tbody>
  </table>
  <h2 id="consts">Constants
  </h2>
  <h3 id="_Google_Cloud_Vision_V1_OperationMetadata_State__STATE_UNSPECIFIED" data-uid="\Google\Cloud\Vision\V1\OperationMetadata\State::STATE_UNSPECIFIED" class="notranslate">STATE_UNSPECIFIED</h3>
  <div class="codewrapper">
    <pre class="prettyprint"><code>Value: 0</code></pre>
  </div>
  <div class="markdown level1 summary"><p>Invalid.</p>
<p>Generated from protobuf enum <code>STATE_UNSPECIFIED = 0;</code></p>
</div>
  <h3 id="_Google_Cloud_Vision_V1_OperationMetadata_State__CREATED" data-uid="\Google\Cloud\Vision\V1\OperationMetadata\State::CREATED" class="notranslate">CREATED</h3>
  <div class="codewrapper">
    <pre class="prettyprint"><code>Value: 1</code></pre>
  </div>
  <div class="markdown level1 summary"><p>Request is received.</p>
<p>Generated from protobuf enum <code>CREATED = 1;</code></p>
</div>
  <h3 id="_Google_Cloud_Vision_V1_OperationMetadata_State__RUNNING" data-uid="\Google\Cloud\Vision\V1\OperationMetadata\State::RUNNING" class="notranslate">RUNNING</h3>
  <div class="codewrapper">
    <pre class="prettyprint"><code>Value: 2</code></pre>
  </div>
  <div class="markdown level1 summary"><p>Request is actively being processed.</p>
<p>Generated from protobuf enum <code>RUNNING = 2;</code></p>
</div>
  <h3 id="_Google_Cloud_Vision_V1_OperationMetadata_State__DONE" data-uid="\Google\Cloud\Vision\V1\OperationMetadata\State::DONE" class="notranslate">DONE</h3>
  <div class="codewrapper">
    <pre class="prettyprint"><code>Value: 3</code></pre>
  </div>
  <div class="markdown level1 summary"><p>The batch processing is done.</p>
<p>Generated from protobuf enum <code>DONE = 3;</code></p>
</div>
  <h3 id="_Google_Cloud_Vision_V1_OperationMetadata_State__CANCELLED" data-uid="\Google\Cloud\Vision\V1\OperationMetadata\State::CANCELLED" class="notranslate">CANCELLED</h3>
  <div class="codewrapper">
    <pre class="prettyprint"><code>Value: 4</code></pre>
  </div>
  <div class="markdown level1 summary"><p>The batch processing was cancelled.</p>
<p>Generated from protobuf enum <code>CANCELLED = 4;</code></p>
</div>
</article>
    </div>
    {% endverbatim %}
  </body>
</html>
