<!DOCTYPE html>
<html devsite="">
  <head>
    <meta name="project_path" value="/php/docs/reference/_project.yaml">
    <meta name="book_path" value="/php/docs/reference/vision/latest/_book.yaml">
  </head>
  <body>
    {% verbatim %}
    <div>
      <article data-uid="\Google\Cloud\Vision\V1\Position">
<h1 class="page-title">Class Position (1.0.0)</h1>
  
  
  <div class="markdown level0 summary"><p>A 3D position in the image, used primarily for Face detection landmarks.</p>
<p>A valid Position must have both x and y coordinates.
The position coordinates are in the same scale as the original image.</p>
<p>Generated from protobuf message <code>google.cloud.vision.v1.Position</code></p>
</div>
  <h2 id="methods">Methods
  </h2>
  <h3 id="_Google_Cloud_Vision_V1_Position____construct__" data-uid="\Google\Cloud\Vision\V1\Position::__construct()" class="notranslate">__construct</h3>
  <div class="markdown level1 summary"><p>Constructor.</p>
</div>
  <table class="responsive">
    <tbody>
      <tr>
        <th colspan="2"><strong>Parameters</strong></th>
      </tr>
      <tr>
        <td><strong>Name</strong></td>
        <td><strong>Description</strong></td>
      </tr>
      <tr>
        <td><code>data</code></td>
        <td>
          <code>array</code>
          <br>
          <p>Optional. Data for populating the Message object.</p>

          
        </td>
      </tr>
      <tr>
        <td><code>↳ x</code></td>
        <td>
          <code>float</code>
          <br>
          <p>X coordinate.</p>

          
        </td>
      </tr>
      <tr>
        <td><code>↳ y</code></td>
        <td>
          <code>float</code>
          <br>
          <p>Y coordinate.</p>

          
        </td>
      </tr>
      <tr>
        <td><code>↳ z</code></td>
        <td>
          <code>float</code>
          <br>
          <p>Z coordinate (or depth).</p>

          
        </td>
      </tr>
    </tbody>
  </table>
  <h3 id="_Google_Cloud_Vision_V1_Position__getX__" data-uid="\Google\Cloud\Vision\V1\Position::getX()" class="notranslate">getX</h3>
  <div class="markdown level1 summary"><p>X coordinate.</p>
<p>Generated from protobuf field <code>float x = 1;</code></p>
</div>
  <table class="responsive">
    <tbody>
      <tr>
        <th colspan="2"><strong>Returns</strong></th>
      </tr>
      <tr>
        <td><strong>Type</strong></td>
        <td><strong>Description</strong></td>
      </tr>
      <tr>
        <td><code>float</code></td>
        <td></td>
      </tr>
    </tbody>
  </table>
  <h3 id="_Google_Cloud_Vision_V1_Position__setX__" data-uid="\Google\Cloud\Vision\V1\Position::setX()" class="notranslate">setX</h3>
  <div class="markdown level1 summary"><p>X coordinate.</p>
<p>Generated from protobuf field <code>float x = 1;</code></p>
</div>
  <table class="responsive">
    <tbody>
      <tr>
        <th colspan="2"><strong>Parameter</strong></th>
      </tr>
      <tr>
        <td><strong>Name</strong></td>
        <td><strong>Description</strong></td>
      </tr>
      <tr>
        <td><code>var</code></td>
        <td>
          <code>float</code>
          <br>
          
          
        </td>
      </tr>
    </tbody>
  </table>
  <table class="responsive">
    <tbody>
      <tr>
        <th colspan="2"><strong>Returns</strong></th>
      </tr>
      <tr>
        <td><strong>Type</strong></td>
        <td><strong>Description</strong></td>
      </tr>
      <tr>
        <td><code>$this</code></td>
        <td></td>
      </tr>
    </tbody>
  </table>
  <h3 id="_Google_Cloud_Vision_V1_Position__getY__" data-uid="\Google\Cloud\Vision\V1\Position::getY()" class="notranslate">getY</h3>
  <div class="markdown level1 summary"><p>Y coordinate.</p>
<p>Generated from protobuf field <code>float y = 2;</code></p>
</div>
  <table class="responsive">
    <tbody>
      <tr>
        <th colspan="2"><strong>Returns</strong></th>
      </tr>
      <tr>
        <td><strong>Type</strong></td>
        <td><strong>Description</strong></td>
      </tr>
      <tr>
        <td><code>float</code></td>
        <td></td>
      </tr>
    </tbody>
  </table>
  <h3 id="_Google_Cloud_Vision_V1_Position__setY__" data-uid="\Google\Cloud\Vision\V1\Position::setY()" class="notranslate">setY</h3>
  <div class="markdown level1 summary"><p>Y coordinate.</p>
<p>Generated from protobuf field <code>float y = 2;</code></p>
</div>
  <table class="responsive">
    <tbody>
      <tr>
        <th colspan="2"><strong>Parameter</strong></th>
      </tr>
      <tr>
        <td><strong>Name</strong></td>
        <td><strong>Description</strong></td>
      </tr>
      <tr>
        <td><code>var</code></td>
        <td>
          <code>float</code>
          <br>
          
          
        </td>
      </tr>
    </tbody>
  </table>
  <table class="responsive">
    <tbody>
      <tr>
        <th colspan="2"><strong>Returns</strong></th>
      </tr>
      <tr>
        <td><strong>Type</strong></td>
        <td><strong>Description</strong></td>
      </tr>
      <tr>
        <td><code>$this</code></td>
        <td></td>
      </tr>
    </tbody>
  </table>
  <h3 id="_Google_Cloud_Vision_V1_Position__getZ__" data-uid="\Google\Cloud\Vision\V1\Position::getZ()" class="notranslate">getZ</h3>
  <div class="markdown level1 summary"><p>Z coordinate (or depth).</p>
<p>Generated from protobuf field <code>float z = 3;</code></p>
</div>
  <table class="responsive">
    <tbody>
      <tr>
        <th colspan="2"><strong>Returns</strong></th>
      </tr>
      <tr>
        <td><strong>Type</strong></td>
        <td><strong>Description</strong></td>
      </tr>
      <tr>
        <td><code>float</code></td>
        <td></td>
      </tr>
    </tbody>
  </table>
  <h3 id="_Google_Cloud_Vision_V1_Position__setZ__" data-uid="\Google\Cloud\Vision\V1\Position::setZ()" class="notranslate">setZ</h3>
  <div class="markdown level1 summary"><p>Z coordinate (or depth).</p>
<p>Generated from protobuf field <code>float z = 3;</code></p>
</div>
  <table class="responsive">
    <tbody>
      <tr>
        <th colspan="2"><strong>Parameter</strong></th>
      </tr>
      <tr>
        <td><strong>Name</strong></td>
        <td><strong>Description</strong></td>
      </tr>
      <tr>
        <td><code>var</code></td>
        <td>
          <code>float</code>
          <br>
          
          
        </td>
      </tr>
    </tbody>
  </table>
  <table class="responsive">
    <tbody>
      <tr>
        <th colspan="2"><strong>Returns</strong></th>
      </tr>
      <tr>
        <td><strong>Type</strong></td>
        <td><strong>Description</strong></td>
      </tr>
      <tr>
        <td><code>$this</code></td>
        <td></td>
      </tr>
    </tbody>
  </table>
</article>
    </div>
    {% endverbatim %}
  </body>
</html>
