<!DOCTYPE html>
<html devsite="">
  <head>
    <meta name="project_path" value="/php/docs/reference/_project.yaml">
    <meta name="book_path" value="/php/docs/reference/vision/latest/_book.yaml">
  </head>
  <body>
    {% verbatim %}
    <div>
      <article data-uid="\Google\Cloud\Vision\V1\WebDetectionParams">
<h1 class="page-title">Class WebDetectionParams (1.0.0)</h1>
  
  
  <div class="markdown level0 summary"><p>Parameters for web detection request.</p>
<p>Generated from protobuf message <code>google.cloud.vision.v1.WebDetectionParams</code></p>
</div>
  <h2 id="methods">Methods
  </h2>
  <h3 id="_Google_Cloud_Vision_V1_WebDetectionParams____construct__" data-uid="\Google\Cloud\Vision\V1\WebDetectionParams::__construct()" class="notranslate">__construct</h3>
  <div class="markdown level1 summary"><p>Constructor.</p>
</div>
  <table class="responsive">
    <tbody>
      <tr>
        <th colspan="2"><strong>Parameters</strong></th>
      </tr>
      <tr>
        <td><strong>Name</strong></td>
        <td><strong>Description</strong></td>
      </tr>
      <tr>
        <td><code>data</code></td>
        <td>
          <code>array</code>
          <br>
          <p>Optional. Data for populating the Message object.</p>

          
        </td>
      </tr>
      <tr>
        <td><code>↳ include_geo_results</code></td>
        <td>
          <code>bool</code>
          <br>
          <p>Whether to include results derived from the geo information in the image.</p>

          
        </td>
      </tr>
    </tbody>
  </table>
  <h3 id="_Google_Cloud_Vision_V1_WebDetectionParams__getIncludeGeoResults__" data-uid="\Google\Cloud\Vision\V1\WebDetectionParams::getIncludeGeoResults()" class="notranslate">getIncludeGeoResults</h3>
  <div class="markdown level1 summary"><p>Whether to include results derived from the geo information in the image.</p>
<p>Generated from protobuf field <code>bool include_geo_results = 2;</code></p>
</div>
  <table class="responsive">
    <tbody>
      <tr>
        <th colspan="2"><strong>Returns</strong></th>
      </tr>
      <tr>
        <td><strong>Type</strong></td>
        <td><strong>Description</strong></td>
      </tr>
      <tr>
        <td><code>bool</code></td>
        <td></td>
      </tr>
    </tbody>
  </table>
  <h3 id="_Google_Cloud_Vision_V1_WebDetectionParams__setIncludeGeoResults__" data-uid="\Google\Cloud\Vision\V1\WebDetectionParams::setIncludeGeoResults()" class="notranslate">setIncludeGeoResults</h3>
  <div class="markdown level1 summary"><p>Whether to include results derived from the geo information in the image.</p>
<p>Generated from protobuf field <code>bool include_geo_results = 2;</code></p>
</div>
  <table class="responsive">
    <tbody>
      <tr>
        <th colspan="2"><strong>Parameter</strong></th>
      </tr>
      <tr>
        <td><strong>Name</strong></td>
        <td><strong>Description</strong></td>
      </tr>
      <tr>
        <td><code>var</code></td>
        <td>
          <code>bool</code>
          <br>
          
          
        </td>
      </tr>
    </tbody>
  </table>
  <table class="responsive">
    <tbody>
      <tr>
        <th colspan="2"><strong>Returns</strong></th>
      </tr>
      <tr>
        <td><strong>Type</strong></td>
        <td><strong>Description</strong></td>
      </tr>
      <tr>
        <td><code>$this</code></td>
        <td></td>
      </tr>
    </tbody>
  </table>
</article>
    </div>
    {% endverbatim %}
  </body>
</html>
