<!DOCTYPE html>
<html devsite="">
  <head>
    <meta name="project_path" value="/dotnet/docs/reference/_project.yaml">
    <meta name="book_path" value="/dotnet/docs/reference/Google.Cloud.Asset.V1/latest/_book.yaml">
  </head>
  <body>
    {% verbatim %}
    <div>
      <article data-uid="Google.Cloud.Asset.V1.ConditionEvaluation">
<h1 class="page-title">Cloud Asset V1 API - Class ConditionEvaluation (2.8.0)</h1>
  
  
  <div class="codewrapper">
    <pre class="prettyprint"><code>public sealed class ConditionEvaluation : IMessage&lt;ConditionEvaluation&gt;, IEquatable&lt;ConditionEvaluation&gt;, IDeepCloneable&lt;ConditionEvaluation&gt;, IBufferMessage, IMessage</code></pre>
  </div>
  <div class="markdown level0 summary"><p>Reference documentation and code samples for the Cloud Asset V1 API class ConditionEvaluation.</p><p>The Condition evaluation.</p>
</div>
  <div class="inheritance">
    <h2>Inheritance</h2>
    <span><a class="xref" href="https://learn.microsoft.com/dotnet/api/system.object">Object</a></span> <span> &gt; </span>
    <span class="xref">ConditionEvaluation</span>
  </div>
  <div classs="implements">
    <h2>Implements</h2>
    <span><span class="xref">Google.Protobuf.IMessage</span>&lt;<a class="xref" href="Google.Cloud.Asset.V1.ConditionEvaluation.html">ConditionEvaluation</a>&gt;,</span>
    <span><a class="xref" href="https://learn.microsoft.com/dotnet/api/system.iequatable-1">IEquatable</a>&lt;<a class="xref" href="Google.Cloud.Asset.V1.ConditionEvaluation.html">ConditionEvaluation</a>&gt;,</span>
    <span><span class="xref">Google.Protobuf.IDeepCloneable</span>&lt;<a class="xref" href="Google.Cloud.Asset.V1.ConditionEvaluation.html">ConditionEvaluation</a>&gt;,</span>
    <span><span class="xref">Google.Protobuf.IBufferMessage</span>,</span>
    <span><span class="xref">Google.Protobuf.IMessage</span></span>
  </div>
  <div class="inheritedMembers expandable">
    <h2 class="showalways">Inherited Members</h2>
    <div>
      <a class="xref" href="https://learn.microsoft.com/dotnet/api/system.object.gethashcode#system-object-gethashcode">Object.GetHashCode()</a>
    </div>
    <div>
      <a class="xref" href="https://learn.microsoft.com/dotnet/api/system.object.gettype#system-object-gettype">Object.GetType()</a>
    </div>
    <div>
      <a class="xref" href="https://learn.microsoft.com/dotnet/api/system.object.memberwiseclone#system-object-memberwiseclone">Object.MemberwiseClone()</a>
    </div>
    <div>
      <a class="xref" href="https://learn.microsoft.com/dotnet/api/system.object.tostring#system-object-tostring">Object.ToString()</a>
    </div>
  </div>
  <h2>Namespace</h2>
  <a class="xref" href="Google.Cloud.Asset.V1.html">Google.Cloud.Asset.V1</a>
  <h2>Assembly</h2>
  <p>Google.Cloud.Asset.V1.dll</p>
  <h2 id="constructors">Constructors
  </h2>
  <a id="Google_Cloud_Asset_V1_ConditionEvaluation__ctor_" data-uid="Google.Cloud.Asset.V1.ConditionEvaluation.#ctor*"></a>
  <h3 id="Google_Cloud_Asset_V1_ConditionEvaluation__ctor" data-uid="Google.Cloud.Asset.V1.ConditionEvaluation.#ctor" class="notranslate">ConditionEvaluation()</h3>
  <div class="codewrapper">
    <pre class="prettyprint"><code>public ConditionEvaluation()</code></pre>
  </div>
  <a id="Google_Cloud_Asset_V1_ConditionEvaluation__ctor_" data-uid="Google.Cloud.Asset.V1.ConditionEvaluation.#ctor*"></a>
  <h3 id="Google_Cloud_Asset_V1_ConditionEvaluation__ctor_Google_Cloud_Asset_V1_ConditionEvaluation_" data-uid="Google.Cloud.Asset.V1.ConditionEvaluation.#ctor(Google.Cloud.Asset.V1.ConditionEvaluation)" class="notranslate">ConditionEvaluation(ConditionEvaluation)</h3>
  <div class="codewrapper">
    <pre class="prettyprint"><code>public ConditionEvaluation(ConditionEvaluation other)</code></pre>
  </div>
  <table class="responsive">
    <tbody>
      <tr>
        <th colspan="2"><strong>Parameter</strong></th>
      </tr>
      <tr>
        <td><strong>Name</strong></td>
        <td><strong>Description</strong></td>
      </tr>
      <tr>
        <td><span class="parametername"><code>other</code></span></td>
        <td><code><a class="xref" href="Google.Cloud.Asset.V1.ConditionEvaluation.html">ConditionEvaluation</a></code><br></td>
      </tr>
    </tbody>
  </table>
  <h2 id="properties">Properties
  </h2>
  <a id="Google_Cloud_Asset_V1_ConditionEvaluation_EvaluationValue_" data-uid="Google.Cloud.Asset.V1.ConditionEvaluation.EvaluationValue*"></a>
  <h3 id="Google_Cloud_Asset_V1_ConditionEvaluation_EvaluationValue" data-uid="Google.Cloud.Asset.V1.ConditionEvaluation.EvaluationValue" class="notranslate">EvaluationValue</h3>
  <div class="codewrapper">
    <pre class="prettyprint"><code>public ConditionEvaluation.Types.EvaluationValue EvaluationValue { get; set; }</code></pre>
  </div>
  <div class="markdown level1 summary"><p>The evaluation result.</p>
</div>
  <table class="responsive">
    <tbody>
      <tr>
        <th colspan="2"><strong>Property Value</strong></th>
      </tr>
      <tr>
        <td><strong>Type</strong></td>
        <td><strong>Description</strong></td>
      </tr>
      <tr>
        <td><code><a class="xref" href="Google.Cloud.Asset.V1.ConditionEvaluation.Types.EvaluationValue.html">ConditionEvaluation.Types.EvaluationValue</a></code></td>
        <td></td>
      </tr>
    </tbody>
  </table>
</article>
    </div>
    {% endverbatim %}
  </body>
</html>
