<!DOCTYPE html>
<html devsite="">
  <head>
    <meta name="project_path" value="/dotnet/docs/reference/_project.yaml">
    <meta name="book_path" value="/dotnet/docs/reference/Google.Cloud.Asset.V1/latest/_book.yaml">
  </head>
  <body>
    {% verbatim %}
    <style>
      body[layout=docs][concierge] .devsite-main-content {
        grid-template-columns: 1fr minmax(365px, 100%) 1fr;
      }
      body[layout=docs][concierge] .devsite-main-content[has-book-nav], body[layout=docs][concierge] .devsite-main-content[has-book-nav][has-sidebar] {
        grid-template-columns: minmax(269px, 1fr) minmax(365px, 100%) 1fr;
      }
      body[layout=docs][concierge] devsite-content {
        max-width: 100%;
      }
      .gc-c {
        grid-template-columns: repeat(2, 1fr);
        column-gap: min(3rem, 5vw);
        row-gap: 2.5vw;
        display: grid;
        align-items: start;
      }

      .gc-a {
        display: flex;
        min-width: 0;
        flex-direction: column;
      }

      .gc-s {
        position: sticky;
        top: calc(var(--devsite-js-header-height, 0) + 16px);
        display: flex;
        flex-direction: column;
      }

      .gc-b {
        display: flex;
        flex-direction: column;
        align-items: initial;
        justify-content: initial;
        overflow: hidden;
      }
    </style>
    <div>
      <article data-uid="Google.Cloud.Asset.V1.ContentType">
<h1 class="page-title">Cloud Asset V1 API - Enum ContentType (2.8.0)</h1>
  
  
  <div class="codewrapper">
    <pre class="prettyprint"><code>public enum ContentType</code></pre>
  </div>
  <div class="markdown level0 summary"><p>Reference documentation and code samples for the Cloud Asset V1 API enum ContentType.</p><p>Asset content type.</p>
</div>
  <h2>Namespace</h2>
  <a class="xref" href="Google.Cloud.Asset.V1.html">Google.Cloud.Asset.V1</a>
  <h2>Assembly</h2>
  <p>Google.Cloud.Asset.V1.dll</p>
  <table class="responsive">
    <tbody>
      <tr>
        <th colspan="2"><h2 id="fields">Fields
  </h2></th>
      </tr>
      <tr>
        <td><strong>Name</strong></td>
        <td><strong>Description</strong></td>
      </tr>
      <tr>
        <td id="Google_Cloud_Asset_V1_ContentType_AccessPolicy"><code>AccessPolicy</code></td>
        <td><p>The Cloud Access context manager Policy set on an asset.</p>
</td>
      </tr>
      <tr>
        <td id="Google_Cloud_Asset_V1_ContentType_IamPolicy"><code>IamPolicy</code></td>
        <td><p>The actual IAM policy set on a resource.</p>
</td>
      </tr>
      <tr>
        <td id="Google_Cloud_Asset_V1_ContentType_OrgPolicy"><code>OrgPolicy</code></td>
        <td><p>The Cloud Organization Policy set on an asset.</p>
</td>
      </tr>
      <tr>
        <td id="Google_Cloud_Asset_V1_ContentType_OsInventory"><code>OsInventory</code></td>
        <td><p>The runtime OS Inventory information.</p>
</td>
      </tr>
      <tr>
        <td id="Google_Cloud_Asset_V1_ContentType_Resource"><code>Resource</code></td>
        <td><p>Resource metadata.</p>
</td>
      </tr>
      <tr>
        <td id="Google_Cloud_Asset_V1_ContentType_Unspecified"><code>Unspecified</code></td>
        <td><p>Unspecified content type.</p>
</td>
      </tr>
    </tbody>
  </table>
</article>
    </div>
    {% endverbatim %}
  </body>
</html>
