<!DOCTYPE html>
<html devsite="">
  <head>
    <meta name="project_path" value="/cpp/docs/reference/_project.yaml">
    <meta name="book_path" value="/cpp/docs/reference/common/latest/_book.yaml">
  </head>
  <body>
    {% verbatim %}
    <div>
      <article data-uid="classgoogle_1_1cloud_1_1Logger_3_01false_01_4">
<h1 class="page-title">Class Logger&lt; false &gt; (2.9.0)</h1>
  
  
  <div class="markdown level0 summary"><p>Define the logger for a disabled log level. </p>
</div>
  <h2 id="constructors">Constructors
  </h2>
  <h3 id="classgoogle_1_1cloud_1_1Logger_3_01false_01_4_1ab35c4b46d1271c2e285845d45ecd1321" data-uid="classgoogle_1_1cloud_1_1Logger_3_01false_01_4_1ab35c4b46d1271c2e285845d45ecd1321" class="notranslate">Logger(Severity, char const *, char const *, int, LogSink &amp;)</h3>
  <table class="responsive">
    <tbody>
      <tr>
        <th colspan="2"><strong>Parameters</strong></th>
      </tr>
      <tr>
        <td><strong>Name</strong></td>
        <td><strong>Description</strong></td>
      </tr>
      <tr>
        <td><code>severity</code></td>
        <td>
          <code>Severity</code>
          <br>
          
          
        </td>
      </tr>
      <tr>
        <td><code></code></td>
        <td>
          <code>char const *</code>
          <br>
          
          
        </td>
      </tr>
      <tr>
        <td><code></code></td>
        <td>
          <code>char const *</code>
          <br>
          
          
        </td>
      </tr>
      <tr>
        <td><code></code></td>
        <td>
          <code>int</code>
          <br>
          
          
        </td>
      </tr>
      <tr>
        <td><code></code></td>
        <td>
          <code>LogSink &</code>
          <br>
          
          
        </td>
      </tr>
    </tbody>
  </table>
  <h2 id="functions">Functions
  </h2>
  <h3 id="classgoogle_1_1cloud_1_1Logger_3_01false_01_4_1a7c26a019649d2aae6f00e9937ca6bfb8" data-uid="classgoogle_1_1cloud_1_1Logger_3_01false_01_4_1a7c26a019649d2aae6f00e9937ca6bfb8" class="notranslate">enabled() const</h3>
  <div class="markdown level1 summary"><p>Trivial implementations that meet the generic Logger<bool> interface.<p>
</bool></div>
  <table class="responsive">
    <tbody>
      <tr>
        <th colspan="2"><strong>Returns</strong></th>
      </tr>
      <tr>
        <td><strong>Type</strong></td>
        <td><strong>Description</strong></td>
      </tr>
      <tr>
        <td><code><span class="xref">bool</span></code></td>
        <td></td>
      </tr>
    </tbody>
  </table>
  <h3 id="classgoogle_1_1cloud_1_1Logger_3_01false_01_4_1ad6682042718b825eb2c9c9bc1dd7d026" data-uid="classgoogle_1_1cloud_1_1Logger_3_01false_01_4_1ad6682042718b825eb2c9c9bc1dd7d026" class="notranslate">LogTo(LogSink &amp;)</h3>
  <div class="markdown level1 summary"><p>Trivial implementations that meet the generic Logger<bool> interface.<p>
</bool></div>
  <table class="responsive">
    <tbody>
      <tr>
        <th colspan="2"><strong>Parameter</strong></th>
      </tr>
      <tr>
        <td><strong>Name</strong></td>
        <td><strong>Description</strong></td>
      </tr>
      <tr>
        <td><code></code></td>
        <td>
          <code>LogSink &</code>
          <br>
          
          
        </td>
      </tr>
    </tbody>
  </table>
  <table class="responsive">
    <tbody>
      <tr>
        <th colspan="2"><strong>Returns</strong></th>
      </tr>
      <tr>
        <td><strong>Type</strong></td>
        <td><strong>Description</strong></td>
      </tr>
      <tr>
        <td><code><span class="xref">void</span></code></td>
        <td></td>
      </tr>
    </tbody>
  </table>
  <h3 id="classgoogle_1_1cloud_1_1Logger_3_01false_01_4_1ad27ccd0a05917104e8704f6013091abc" data-uid="classgoogle_1_1cloud_1_1Logger_3_01false_01_4_1ad27ccd0a05917104e8704f6013091abc" class="notranslate">Stream()</h3>
  <div class="markdown level1 summary"><p>Trivial implementations that meet the generic Logger<bool> interface.<p>
</bool></div>
  <table class="responsive">
    <tbody>
      <tr>
        <th colspan="2"><strong>Returns</strong></th>
      </tr>
      <tr>
        <td><strong>Type</strong></td>
        <td><strong>Description</strong></td>
      </tr>
      <tr>
        <td><code><span class="xref">NullStream</span></code></td>
        <td></td>
      </tr>
    </tbody>
  </table>
</article>
    </div>
    {% endverbatim %}
  </body>
</html>
