<!DOCTYPE html>
<html devsite="">
  <head>
    <meta name="project_path" value="/cpp/docs/reference/_project.yaml">
    <meta name="book_path" value="/cpp/docs/reference/common/latest/_book.yaml">
  </head>
  <body>
    {% verbatim %}
    <div>
      <article data-uid="classgoogle_1_1cloud_1_1BackgroundThreads">
<h1 class="page-title">Class BackgroundThreads (2.9.0)</h1>
  
  
  <div class="markdown level0 summary"><p>A object representing the background threads available to a Client. </p>
</div>
  <h2 id="functions">Functions
  </h2>
  <h3 id="classgoogle_1_1cloud_1_1BackgroundThreads_1a3ffeaa87e9965917e86ca40d81ae41d9" data-uid="classgoogle_1_1cloud_1_1BackgroundThreads_1a3ffeaa87e9965917e86ca40d81ae41d9" class="notranslate">cq() const</h3>
  <div class="markdown level1 summary"><p>The completion queue used for the background operations. </p>
</div>
  <table class="responsive">
    <tbody>
      <tr>
        <th colspan="2"><strong>Returns</strong></th>
      </tr>
      <tr>
        <td><strong>Type</strong></td>
        <td><strong>Description</strong></td>
      </tr>
      <tr>
        <td><code><span class="xref">CompletionQueue</span></code></td>
        <td></td>
      </tr>
    </tbody>
  </table>
</article>
    </div>
    {% endverbatim %}
  </body>
</html>
