<!DOCTYPE html>
<html devsite="">
  <head>
    <meta name="project_path" value="/cpp/docs/reference/_project.yaml">
    <meta name="book_path" value="/cpp/docs/reference/common/latest/_book.yaml">
  </head>
  <body>
    {% verbatim %}
    <div>
      <article data-uid="structgoogle_1_1cloud_1_1LogRecord">
<h1 class="page-title">Struct LogRecord (2.9.0)</h1>
  
  
  <div class="markdown level0 summary"><p>Represents a single log message. </p>
</div>
</article>
    </div>
    {% endverbatim %}
  </body>
</html>
