<!DOCTYPE html>
<html devsite="">
  <head>
    <meta name="project_path" value="/cpp/docs/reference/_project.yaml">
    <meta name="book_path" value="/cpp/docs/reference/common/latest/_book.yaml">
  </head>
  <body>
    {% verbatim %}
    <div>
      <article data-uid="structgoogle_1_1cloud_1_1AuthorityOption">
<h1 class="page-title">Struct AuthorityOption (2.9.0)</h1>
  
  
  <div class="markdown level0 summary"><p>Configure the &quot;authority&quot; attribute. </p>
</div>
  <div class="markdown level0 conceptual"><p>For gRPC requests this is the <code>authority()</code> field in the <code>grpc::ClientContext</code>. This configures the :authority pseudo-header in the HTTP/2 request. <a href="https://datatracker.ietf.org/doc/html/rfc7540#section-8.1.2.3">https://datatracker.ietf.org/doc/html/rfc7540#section-8.1.2.3</a></p>
<p>For REST-based services using HTTP/1.1 or HTTP/1.0 this is the <code>Host</code> header.</p>
<p>Setting this option to the empty string has no effect, i.e., no headers are set. This can be useful if you are not using Google&#39;s production environment. </p>
</div>
  <h2 id="typealiases"></h2>
  <h3 id="structgoogle_1_1cloud_1_1AuthorityOption_1a2a43afe80294667d13ad814168bb233c" data-uid="structgoogle_1_1cloud_1_1AuthorityOption_1a2a43afe80294667d13ad814168bb233c" class="notranslate">Type</h3>
  <div class="level1 summary">
    <strong>Alias Of</strong>: <code>std::string</code>

  </div>
</article>
    </div>
    {% endverbatim %}
  </body>
</html>
