<!DOCTYPE html>
<html devsite="">
  <head>
    <meta name="project_path" value="/cpp/docs/reference/_project.yaml">
    <meta name="book_path" value="/cpp/docs/reference/common/latest/_book.yaml">
  </head>
  <body>
    {% verbatim %}
    <div>
      <article data-uid="structgoogle_1_1cloud_1_1EndpointOption">
<h1 class="page-title">Struct EndpointOption (2.9.0)</h1>
  
  
  <div class="markdown level0 summary"><p>Change the endpoint. </p>
</div>
  <div class="markdown level0 conceptual"><p>In almost all cases a suitable default will be chosen automatically. Applications may need to be changed to (1) test against a fake or simulator, or (2) use a beta or EAP version of the service. When using a beta or EAP version of the service, the <a class="xref" href="structgoogle_1_1cloud_1_1AuthorityOption.html">AuthorityOption</a> should also be set to the usual hostname of the service. </p>
</div>
  <h2 id="typealiases"></h2>
  <h3 id="structgoogle_1_1cloud_1_1EndpointOption_1a61a6cbac4806836ddb5bda2040dba797" data-uid="structgoogle_1_1cloud_1_1EndpointOption_1a61a6cbac4806836ddb5bda2040dba797" class="notranslate">Type</h3>
  <div class="level1 summary">
    <strong>Alias Of</strong>: <code>std::string</code>

  </div>
</article>
    </div>
    {% endverbatim %}
  </body>
</html>
