<!DOCTYPE html>
<html devsite="">
  <head>
    <meta name="project_path" value="/cpp/docs/reference/_project.yaml">
    <meta name="book_path" value="/cpp/docs/reference/common/latest/_book.yaml">
  </head>
  <body>
    {% verbatim %}
    <div>
      <article data-uid="structgoogle_1_1cloud_1_1TracingComponentsOption">
<h1 class="page-title">Struct TracingComponentsOption (2.9.0)</h1>
  
  
  <div class="markdown level0 summary"><p>Return whether tracing is enabled for the given <code>component</code>. </p>
</div>
  <div class="markdown level0 conceptual"><p>The C++ clients can log interesting events to help library and application developers troubleshoot problems. To see log messages (maybe lots) you can enable tracing for the component that interests you. Valid components are currently:</p>
<ul>
<li>rpc</li>
<li>rpc-streams </li>
</ul>
</div>
  <h2 id="typealiases">Type Aliases
  </h2>
  <h3 id="structgoogle_1_1cloud_1_1TracingComponentsOption_1a14eb9d2fb091bb17e433d7325326f78b" data-uid="structgoogle_1_1cloud_1_1TracingComponentsOption_1a14eb9d2fb091bb17e433d7325326f78b" class="notranslate">Type</h3>
  <div class="level1 summary">
    <strong>Alias Of</strong>: <code>std::set&lt; std::string &gt;</code>

  </div>
</article>
    </div>
    {% endverbatim %}
  </body>
</html>
