<!DOCTYPE html>
<html devsite="">
  <head>
    <meta name="project_path" value="/cpp/docs/reference/_project.yaml">
    <meta name="book_path" value="/cpp/docs/reference/common/latest/_book.yaml">
  </head>
  <body>
    {% verbatim %}
    <div>
      <article data-uid="structgoogle_1_1cloud_1_1RestTracingOptionsOption">
<h1 class="page-title">Struct RestTracingOptionsOption (2.9.0)</h1>
  
  
  <div class="markdown level0 summary"><p>The <a class="xref" href="classgoogle_1_1cloud_1_1TracingOptions.html"><code>TracingOptions</code></a> to use when printing REST transport http messages. </p>
</div>
  <h2 id="typealiases"></h2>
  <h3 id="structgoogle_1_1cloud_1_1RestTracingOptionsOption_1a8d6d51b6e9be89779d1053016b2a2802" data-uid="structgoogle_1_1cloud_1_1RestTracingOptionsOption_1a8d6d51b6e9be89779d1053016b2a2802" class="notranslate">Type</h3>
  <div class="level1 summary">
    <strong>Alias Of</strong>: <code>TracingOptions</code>

  </div>
</article>
    </div>
    {% endverbatim %}
  </body>
</html>
