<!DOCTYPE html>
<html devsite="">
  <head>
    <meta name="project_path" value="/cpp/docs/reference/_project.yaml">
    <meta name="book_path" value="/cpp/docs/reference/common/latest/_book.yaml">
  </head>
  <body>
    {% verbatim %}
    <div>
      <article data-uid="structgoogle_1_1cloud_1_1GrpcChannelArgumentsNativeOption">
<h1 class="page-title">Struct GrpcChannelArgumentsNativeOption (2.9.0)</h1>
  
  
  <div class="markdown level0 summary"><p>The native <code>grpc::ChannelArguments</code> object. </p>
</div>
  <div class="markdown level0 conceptual"><p>This option gives users full control over the <code>grpc::ChannelArguments</code> objects that will be created. See the gRPC documentation for more details about available channel arguments.</p>
<aside class="note"><b>Note:</b>
Our library will always start with the native object, then add in the channel arguments from <a class="xref" href="structgoogle_1_1cloud_1_1GrpcChannelArgumentsOption.html"><code>GrpcChannelArgumentsOption</code></a>, then add the user agent prefix from <a class="xref" href="structgoogle_1_1cloud_1_1UserAgentProductsOption.html"><code>UserAgentProductsOption</code></a>. Users are cautioned not to set the same channel argument to different values in different options as gRPC will use the first value set for some channel arguments, and the last value set for others.
</aside>

<h6 id="see-also">See Also</h6>
<p><a href="https://grpc.github.io/grpc/cpp/classgrpc_1_1_channel_arguments.html">https://grpc.github.io/grpc/cpp/classgrpc_1_1_channel_arguments.html</a></p>
<h6 id="see-also-1">See Also</h6>
<p><a href="https://grpc.github.io/grpc/core/group__grpc__arg__keys.html">https://grpc.github.io/grpc/core/group__grpc__arg__keys.html</a></p>
</div>
  <h2 id="typealiases"></h2>
  <h3 id="structgoogle_1_1cloud_1_1GrpcChannelArgumentsNativeOption_1afb9fa0fc355222b6a827e53e12d91b24" data-uid="structgoogle_1_1cloud_1_1GrpcChannelArgumentsNativeOption_1afb9fa0fc355222b6a827e53e12d91b24" class="notranslate">Type</h3>
  <div class="level1 summary">
    <strong>Alias Of</strong>: <code>grpc::ChannelArguments</code>

  </div>
</article>
    </div>
    {% endverbatim %}
  </body>
</html>
