<!DOCTYPE html>
<html devsite="">
  <head>
    <meta name="project_path" value="/cpp/docs/reference/_project.yaml">
    <meta name="book_path" value="/cpp/docs/reference/common/latest/_book.yaml">
  </head>
  <body>
    {% verbatim %}
    <div>
      <article data-uid="structgoogle_1_1cloud_1_1UserAgentProductsOption">
<h1 class="page-title">Struct UserAgentProductsOption (2.9.0)</h1>
  
  
  <div class="markdown level0 summary"><p>User-agent products to include with each request. </p>
</div>
  <div class="markdown level0 conceptual"><p>Libraries or services that use Cloud C++ clients may want to set their own user-agent product information. This can help them develop telemetry information about number of users running particular versions of their system or library.</p>
<h6 id="see-also">See Also</h6>
<p><a href="https://tools.ietf.org/html/rfc7231#section-5.5.3">https://tools.ietf.org/html/rfc7231#section-5.5.3</a></p>
</div>
  <h2 id="typealiases">Type Aliases
  </h2>
  <h3 id="structgoogle_1_1cloud_1_1UserAgentProductsOption_1acbbd25eda33665932bf5561aae9682e3" data-uid="structgoogle_1_1cloud_1_1UserAgentProductsOption_1acbbd25eda33665932bf5561aae9682e3" class="notranslate">Type</h3>
  <div class="level1 summary">
    <strong>Alias Of</strong>: <code>std::vector&lt; std::string &gt;</code>

  </div>
</article>
    </div>
    {% endverbatim %}
  </body>
</html>
