<!DOCTYPE html>
<html devsite="">
  <head>
    <meta name="project_path" value="/cpp/docs/reference/_project.yaml">
    <meta name="book_path" value="/cpp/docs/reference/common/latest/_book.yaml">
  </head>
  <body>
    {% verbatim %}
    <div>
      <article data-uid="structgoogle_1_1cloud_1_1UnifiedCredentialsOption">
<h1 class="page-title">Struct UnifiedCredentialsOption (2.9.0)</h1>
  
  
  <div class="markdown level0 summary"><p>A wrapper to store credentials into an options. </p>
</div>
  <h2 id="typealiases"></h2>
  <h3 id="structgoogle_1_1cloud_1_1UnifiedCredentialsOption_1affa4ac9e72fe5624e15d17e507177d2b" data-uid="structgoogle_1_1cloud_1_1UnifiedCredentialsOption_1affa4ac9e72fe5624e15d17e507177d2b" class="notranslate">Type</h3>
  <div class="level1 summary">
    <strong>Alias Of</strong>: <code>std::shared_ptr&lt; Credentials &gt;</code>

  </div>
</article>
    </div>
    {% endverbatim %}
  </body>
</html>
