<!DOCTYPE html>
<html devsite="">
  <head>
    <meta name="project_path" value="/cpp/docs/reference/_project.yaml">
    <meta name="book_path" value="/cpp/docs/reference/common/latest/_book.yaml">
  </head>
  <body>
    {% verbatim %}
    <div>
      <article data-uid="structgoogle_1_1cloud_1_1AsyncTimerResult">
<h1 class="page-title">Struct AsyncTimerResult (2.9.0)</h1>
  
  
  <div class="markdown level0 summary"><p>The result of an async timer operation. </p>
</div>
  <div class="markdown level0 conceptual"><p>Callbacks for async timers will receive an object of this class. </p>
</div>
</article>
    </div>
    {% endverbatim %}
  </body>
</html>
