<!DOCTYPE html>
<html devsite="">
  <head>
    <meta name="project_path" value="/python/docs/reference/_project.yaml">
    <meta name="book_path" value="/python/docs/reference/google.cloud.bigquery_storage_v1/latest/_book.yaml">
  </head>
  <body>
    {% verbatim %}
    <div>
      <article data-uid="google.cloud.bigquery_storage_v1.types.ProtoRows">
<h1 class="page-title">Class ProtoRows (v1.16.0)</h1>
  
  
  <div class="codewrapper">
    <pre class="prettyprint wrap-code"><code>ProtoRows(mapping=None, *, ignore_unknown_fields=False, **kwargs)</code></pre>
  </div>
  <table class="responsive">
    <tbody>
      <tr>
        <th colspan="2"><h2>Attribute</h2></th>
      </tr>
      <tr>
        <td><strong>Name</strong></td>
        <td><strong>Description</strong></td>
      </tr>
      <tr>
        <td><code>serialized_rows</code></td>
        <td>
          <code>Sequence[bytes]</code>
          <br>
          A sequence of rows serialized as a Protocol
   Buffer.
   See
   https://developers.google.com/protocol-buffers/docs/overview
   for more information on deserializing this
   field.
        </td>
      </tr>
    </tbody>
  </table>
  <div class="inheritance">
    <h2>Inheritance</h2>
          <span><span class="xref">builtins.object</span></span>
          <span> &gt; </span>
      <span><span class="xref">proto.message.Message</span></span>
      <span> &gt; </span>
      <span class="xref">ProtoRows</span>
  </div>
</article>
    </div>
    {% endverbatim %}
  </body>
</html>
