<!DOCTYPE html>
<html devsite="">
  <head>
    <meta name="project_path" value="/python/docs/reference/_project.yaml">
    <meta name="book_path" value="/python/docs/reference/google.cloud.bigquery_storage_v1/latest/_book.yaml">
  </head>
  <body>
    {% verbatim %}
    <div>
      <article data-uid="google.cloud.bigquery_storage_v1beta2.types.FlushRowsRequest">
<h1 class="page-title">Class FlushRowsRequest (v1.16.0)</h1>
  
  
  <div class="codewrapper">
    <pre class="prettyprint wrap-code"><code>FlushRowsRequest(mapping=None, *, ignore_unknown_fields=False, **kwargs)</code></pre>
  </div>
  <div class="markdown level0 summary"><p>Request message for <code>FlushRows</code>.</p>
</div>
  <table class="responsive">
    <tbody>
      <tr>
        <th colspan="2"><h2>Attributes</h2></th>
      </tr>
      <tr>
        <td><strong>Name</strong></td>
        <td><strong>Description</strong></td>
      </tr>
      <tr>
        <td><code>write_stream</code></td>
        <td>
          <code>str</code>
          <br>
          Required. The stream that is the target of
   the flush operation.
        </td>
      </tr>
      <tr>
        <td><code>offset</code></td>
        <td>
          <code>google.protobuf.wrappers_pb2.Int64Value</code>
          <br>
          Ending offset of the flush operation. Rows
   before this offset(including this offset) will
   be flushed.
        </td>
      </tr>
    </tbody>
  </table>
  <div class="inheritance">
    <h2>Inheritance</h2>
          <span><span class="xref">builtins.object</span></span>
          <span> &gt; </span>
      <span><span class="xref">proto.message.Message</span></span>
      <span> &gt; </span>
      <span class="xref">FlushRowsRequest</span>
  </div>
</article>
    </div>
    {% endverbatim %}
  </body>
</html>
