<!DOCTYPE html>
<html devsite="">
  <head>
    <meta name="project_path" value="/python/docs/reference/_project.yaml">
    <meta name="book_path" value="/python/docs/reference/google.cloud.bigquery_storage_v1/latest/_book.yaml">
  </head>
  <body>
    {% verbatim %}
    <style>
      body[layout=docs][concierge] .devsite-main-content {
        grid-template-columns: 1fr minmax(365px, 100%) 1fr;
      }
      body[layout=docs][concierge] .devsite-main-content[has-book-nav], body[layout=docs][concierge] .devsite-main-content[has-book-nav][has-sidebar] {
        grid-template-columns: minmax(269px, 1fr) minmax(365px, 100%) 1fr;
      }
      body[layout=docs][concierge] devsite-content {
        max-width: 100%;
      }
      .gc-c {
        grid-template-columns: repeat(2, 1fr);
        column-gap: min(3rem, 5vw);
        row-gap: 2.5vw;
        display: grid;
        align-items: start;
      }

      .gc-a {
        display: flex;
        min-width: 0;
        flex-direction: column;
      }

      .gc-s {
        position: sticky;
        top: calc(var(--devsite-js-header-height, 0) + 16px);
        display: flex;
        flex-direction: column;
      }

      .gc-b {
        display: flex;
        flex-direction: column;
        align-items: initial;
        justify-content: initial;
        overflow: hidden;
      }
    </style>
    <div>
      <article data-uid="google.cloud.bigquery_storage_v1.types.WriteStream">
<h1 class="page-title">Class WriteStream (v1.16.0)</h1>
  
  
  <div class="codewrapper">
    <pre class="prettyprint wrap-code"><code>WriteStream(mapping=None, *, ignore_unknown_fields=False, **kwargs)</code></pre>
  </div>
  <div class="markdown level0 summary"><p>Information about a single stream that gets data inside the
storage system.</p>
</div>
  <table class="responsive">
    <tbody>
      <tr>
        <th colspan="2"><h2>Attributes</h2></th>
      </tr>
      <tr>
        <td><strong>Name</strong></td>
        <td><strong>Description</strong></td>
      </tr>
      <tr>
        <td><code>name</code></td>
        <td>
          <code>str</code>
          <br>
          Output only. Name of the stream, in the form
   ``projects/{project}/datasets/{dataset}/tables/{table}/streams/{stream}``.
        </td>
      </tr>
      <tr>
        <td><code>type_</code></td>
        <td>
          <code><a class="xref" href="google.cloud.bigquery_storage_v1.types.WriteStream.Type.html">google.cloud.bigquery_storage_v1.types.WriteStream.Type</a></code>
          <br>
          Immutable. Type of the stream.
        </td>
      </tr>
      <tr>
        <td><code>create_time</code></td>
        <td>
          <code>google.protobuf.timestamp_pb2.Timestamp</code>
          <br>
          Output only. Create time of the stream. For the \_default
   stream, this is the creation_time of the table.
        </td>
      </tr>
      <tr>
        <td><code>commit_time</code></td>
        <td>
          <code>google.protobuf.timestamp_pb2.Timestamp</code>
          <br>
          Output only. Commit time of the stream. If a stream is of
   ``COMMITTED`` type, then it will have a commit_time same as
   ``create_time``. If the stream is of ``PENDING`` type, empty
   commit_time means it is not committed.
        </td>
      </tr>
      <tr>
        <td><code>table_schema</code></td>
        <td>
          <code><a class="xref" href="google.cloud.bigquery_storage_v1.types.TableSchema.html">google.cloud.bigquery_storage_v1.types.TableSchema</a></code>
          <br>
          Output only. The schema of the destination table. It is only
   returned in ``CreateWriteStream`` response. Caller should
   generate data that's compatible with this schema to send in
   initial ``AppendRowsRequest``. The table schema could go out
   of date during the life time of the stream.
        </td>
      </tr>
      <tr>
        <td><code>write_mode</code></td>
        <td>
          <code><a class="xref" href="google.cloud.bigquery_storage_v1.types.WriteStream.WriteMode.html">google.cloud.bigquery_storage_v1.types.WriteStream.WriteMode</a></code>
          <br>
          Immutable. Mode of the stream.
        </td>
      </tr>
    </tbody>
  </table>
  <div class="inheritance">
    <h2>Inheritance</h2>
          <span><span class="xref">builtins.object</span></span>
          <span> &gt; </span>
      <span><span class="xref">proto.message.Message</span></span>
      <span> &gt; </span>
      <span class="xref">WriteStream</span>
  </div>
  <h2 id="classes">Classes
  </h2>
  <h3 id="google_cloud_bigquery_storage_v1_types_WriteStream_Type" data-uid="google.cloud.bigquery_storage_v1.types.WriteStream.Type" class="notranslate">Type</h3>
  <div class="codewrapper">
    <pre class="prettyprint wrap-code"><code>Type(value)</code></pre>
  </div>
  <div class="markdown level1 summary"><p>Type enum of the stream.</p>
</div>
  <h3 id="google_cloud_bigquery_storage_v1_types_WriteStream_WriteMode" data-uid="google.cloud.bigquery_storage_v1.types.WriteStream.WriteMode" class="notranslate">WriteMode</h3>
  <div class="codewrapper">
    <pre class="prettyprint wrap-code"><code>WriteMode(value)</code></pre>
  </div>
  <div class="markdown level1 summary"><p>Mode enum of the stream.</p>
</div>
</article>
    </div>
    {% endverbatim %}
  </body>
</html>
