<!DOCTYPE html>
<html devsite="">
  <head>
    <meta name="project_path" value="/python/docs/reference/_project.yaml">
    <meta name="book_path" value="/python/docs/reference/google.cloud.bigquery_storage_v1/latest/_book.yaml">
  </head>
  <body>
    {% verbatim %}
    <style>
      body[layout=docs][concierge] .devsite-main-content {
        grid-template-columns: 1fr minmax(365px, 100%) 1fr;
      }
      body[layout=docs][concierge] .devsite-main-content[has-book-nav], body[layout=docs][concierge] .devsite-main-content[has-book-nav][has-sidebar] {
        grid-template-columns: minmax(269px, 1fr) minmax(365px, 100%) 1fr;
      }
      body[layout=docs][concierge] devsite-content {
        max-width: 100%;
      }
      .gc-c {
        grid-template-columns: repeat(2, 1fr);
        column-gap: min(3rem, 5vw);
        row-gap: 2.5vw;
        display: grid;
        align-items: start;
      }

      .gc-a {
        display: flex;
        min-width: 0;
        flex-direction: column;
      }

      .gc-s {
        position: sticky;
        top: calc(var(--devsite-js-header-height, 0) + 16px);
        display: flex;
        flex-direction: column;
      }

      .gc-b {
        display: flex;
        flex-direction: column;
        align-items: initial;
        justify-content: initial;
        overflow: hidden;
      }
    </style>
    <div>
      <article data-uid="google.cloud.bigquery_storage_v1beta2.types.StorageError.StorageErrorCode">
<h1 class="page-title">Class StorageErrorCode (v1.16.0)</h1>
  
  
  <div class="codewrapper">
    <pre class="prettyprint wrap-code"><code>StorageErrorCode(value)</code></pre>
  </div>
  <div class="markdown level0 summary"><p>Error code for <code>StorageError</code>.</p>
</div>
  <div class="inheritance">
    <h2>Inheritance</h2>
                  <span><span class="xref">builtins.object</span></span>
                  <span> &gt; </span>
              <span><span class="xref">builtins.int</span></span>
              <span> &gt; </span>
                  <span><span class="xref">builtins.object</span></span>
                  <span> &gt; </span>
              <span><span class="xref">enum.Enum</span></span>
              <span> &gt; </span>
          <span><span class="xref">enum.IntEnum</span></span>
          <span> &gt; </span>
      <span><span class="xref">proto.enums.Enum</span></span>
      <span> &gt; </span>
      <span class="xref">StorageErrorCode</span>
  </div>
</article>
    </div>
    {% endverbatim %}
  </body>
</html>
