<!DOCTYPE html>
<html devsite="">
  <head>
    <meta name="project_path" value="/python/docs/reference/_project.yaml">
    <meta name="book_path" value="/python/docs/reference/google.cloud.bigquery_storage_v1/latest/_book.yaml">
  </head>
  <body>
    {% verbatim %}
    <style>
      body[layout=docs][concierge] .devsite-main-content {
        grid-template-columns: 1fr minmax(365px, 100%) 1fr;
      }
      body[layout=docs][concierge] .devsite-main-content[has-book-nav], body[layout=docs][concierge] .devsite-main-content[has-book-nav][has-sidebar] {
        grid-template-columns: minmax(269px, 1fr) minmax(365px, 100%) 1fr;
      }
      body[layout=docs][concierge] devsite-content {
        max-width: 100%;
      }
      .gc-c {
        grid-template-columns: repeat(2, 1fr);
        column-gap: min(3rem, 5vw);
        row-gap: 2.5vw;
        display: grid;
        align-items: start;
      }

      .gc-a {
        display: flex;
        min-width: 0;
        flex-direction: column;
      }

      .gc-s {
        position: sticky;
        top: calc(var(--devsite-js-header-height, 0) + 16px);
        display: flex;
        flex-direction: column;
      }

      .gc-b {
        display: flex;
        flex-direction: column;
        align-items: initial;
        justify-content: initial;
        overflow: hidden;
      }
    </style>
    <div>
      <article data-uid="google.cloud.bigquery_storage_v1beta2.client">
<h1 class="page-title">Module client (v1.16.0)</h1>
  
  
  <div class="markdown level0 summary"><p>Parent client for calling the Cloud BigQuery Storage API.</p>
<p>This is the base from which all interactions with the API occur.</p>
</div>
  <h2 id="classes">Classes
  </h2>
  <h3><a class="xref" href="google.cloud.bigquery_storage_v1beta2.client.BigQueryReadClient.html">BigQueryReadClient</a></h3>
  <div class="codewrapper">
    <pre class="prettyprint wrap-code"><code>BigQueryReadClient(*, credentials: typing.Optional[google.auth.credentials.Credentials] = None, transport: typing.Optional[typing.Union[str, google.cloud.bigquery_storage_v1beta2.services.big_query_read.transports.base.BigQueryReadTransport]] = None, client_options: typing.Optional[google.api_core.client_options.ClientOptions] = None, client_info: google.api_core.gapic_v1.client_info.ClientInfo = &lt;google.api_core.gapic_v1.client_info.ClientInfo object&gt;)</code></pre>
  </div>
  <div class="markdown level1 summary"><p>Client for interacting with BigQuery Storage API.</p>
<p>The BigQuery storage API can be used to read data stored in BigQuery.</p>
</div>
  <h3><a class="xref" href="google.cloud.bigquery_storage_v1beta2.client.BigQueryWriteClient.html">BigQueryWriteClient</a></h3>
  <div class="codewrapper">
    <pre class="prettyprint wrap-code"><code>BigQueryWriteClient(*, credentials: typing.Optional[google.auth.credentials.Credentials] = None, transport: typing.Optional[typing.Union[str, google.cloud.bigquery_storage_v1beta2.services.big_query_write.transports.base.BigQueryWriteTransport]] = None, client_options: typing.Optional[google.api_core.client_options.ClientOptions] = None, client_info: google.api_core.gapic_v1.client_info.ClientInfo = &lt;google.api_core.gapic_v1.client_info.ClientInfo object&gt;)</code></pre>
  </div>
  <div class="markdown level1 summary"><p>BigQuery Write API.
The Write API can be used to write data to BigQuery.</p>
</div>
</article>
    </div>
    {% endverbatim %}
  </body>
</html>
